INFO: 13:18:08 - main_pipeline.sensor:  Successfully connected to port COM8, using real Picarro Gas hardware
INFO: 13:18:08 - main_pipeline.sensor:  Successfully connected to port COM7, using real Picarro Water hardware
INFO: 13:18:08 - main_pipeline.sensor:  Successfully connected to port COM4, using real Abakus hardware
INFO: 13:18:08 - main_pipeline.sensor:  Successfully connected to port COM3 and COM5, using real Flowmeter hardware
INFO: 13:18:08 - main_pipeline.sensor:  Successfully connected to port COM6, using real Dimetix hardware
WARNING: 13:18:08 - main_pipeline.sensor:  Couldn't find Bronkhorst at port COM9, shadowing sensor calls with substitute functions
WARNING: 13:18:08 - main_pipeline.sensor:  Couldn't find Melthead at port COM9, shadowing sensor calls with substitute functions
INFO: 13:18:09 - sensor_interfaces.abakus_interface:  Connected to serial port COM4 with baud 38400
INFO: 13:18:09 - sensor_interfaces.flowmeter_interface:  Connected to serial port COM3 with baud 115200
INFO: 13:18:09 - sensor_interfaces.flowmeter_interface:  Connected to serial port COM5 with baud 115200
INFO: 13:18:09 - sensor_interfaces.laser_interface:  Connected to serial port COM6 with baud 19200
INFO: 13:18:09 - sensor_interfaces.picarro_interface:  Connected to serial port COM8 with baud 19200
INFO: 13:18:09 - sensor_interfaces.picarro_interface:  Connected to serial port COM7 with baud 19200
INFO: 13:18:09 - sensor_interfaces.sim_instruments:  Fake hardware, pretending to use serial port COM9 with baud 38400
INFO: 13:18:09 - main_pipeline.sensor:  Sensor class initiated
INFO: 13:18:09 - main_pipeline.interpreter:  Interpreter class initiated
INFO: 13:18:09 - main_pipeline.writer:  Display class initiated
INFO: 13:18:09 - __main__:  No control inputs for the Picarro Gas
INFO: 13:18:09 - __main__:  No control inputs for the Picarro Water
INFO: 13:18:09 - __main__:  No control inputs for the Laser Distance Sensor
INFO: 13:18:09 - __main__:  No control inputs for the Abakus Particle Counter
INFO: 13:18:09 - __main__:  No control inputs for the Flowmeter
INFO: 13:18:16 - main_pipeline.sensor:  Initializing sensors
INFO: 13:18:16 - sensor_interfaces.abakus_interface:  Initializing Abakus
INFO: 13:18:16 - sensor_interfaces.abakus_interface:  Abakus measurements started
INFO: 13:18:16 - sensor_interfaces.abakus_interface:  Initialization attempt 1/10
INFO: 13:18:17 - sensor_interfaces.abakus_interface:  Initialization attempt 2/10
INFO: 13:18:17 - sensor_interfaces.abakus_interface:  Initialization attempt 3/10
INFO: 13:18:17 - sensor_interfaces.abakus_interface:  Abakus initialized
INFO: 13:18:17 - sensor_interfaces.picarro_interface:  Initialization attempt 1/10
INFO: 13:18:17 - sensor_interfaces.picarro_interface:  Picarro queried
INFO: 13:18:17 - sensor_interfaces.picarro_interface:  Picarro initialized
INFO: 13:18:17 - sensor_interfaces.picarro_interface:  Initialization attempt 1/10
INFO: 13:18:17 - sensor_interfaces.picarro_interface:  Picarro queried
INFO: 13:18:17 - sensor_interfaces.picarro_interface:  Initialization attempt 2/10
INFO: 13:18:17 - sensor_interfaces.picarro_interface:  Picarro queried
INFO: 13:18:17 - sensor_interfaces.picarro_interface:  Picarro initialized
INFO: 13:18:17 - sensor_interfaces.laser_interface:  Dimetix laser turned on
INFO: 13:18:17 - sensor_interfaces.laser_interface:  Laser distance initialization attempt 1/10
INFO: 13:18:17 - sensor_interfaces.laser_interface:  Laser distance initialized
INFO: 13:18:17 - sensor_interfaces.laser_interface:  Laser temperature initialization attempt 1/10
INFO: 13:18:17 - sensor_interfaces.laser_interface:  Laser temperature initialized
INFO: 13:18:17 - sensor_interfaces.sim_instruments:  Initializing Bronkhorst
INFO: 13:18:17 - sensor_interfaces.sim_instruments:  Bronkhorst initialized
INFO: 13:18:17 - sensor_interfaces.sim_instruments:  Initializing Melthead
INFO: 13:18:17 - sensor_interfaces.sim_instruments:  Melthead initialized
INFO: 13:18:17 - sensor_interfaces.flowmeter_interface:  Flowmeter measurements started
INFO: 13:18:17 - sensor_interfaces.flowmeter_interface:  Initialization attempt 1/10
INFO: 13:18:20 - sensor_interfaces.flowmeter_interface:  Initialization attempt 2/10
INFO: 13:18:20 - sensor_interfaces.flowmeter_interface:  Flowmeter sli2000 initialized
INFO: 13:18:20 - sensor_interfaces.flowmeter_interface:  Flowmeter measurements started
INFO: 13:18:20 - sensor_interfaces.flowmeter_interface:  Initialization attempt 1/10
INFO: 13:18:23 - sensor_interfaces.flowmeter_interface:  Initialization attempt 2/10
INFO: 13:18:23 - sensor_interfaces.flowmeter_interface:  Flowmeter sls1500 initialized
INFO: 13:18:23 - main_pipeline.sensor:  Finished initializing sensors
WARNING: 13:18:38 - main_pipeline.interpreter:  Error in extracting time and data from Abakus reading: cannot unpack non-iterable NoneType object. Probably not a tuple. Not updating measurement
WARNING: 13:18:38 - main_pipeline.interpreter:  Error in extracting time and data from flowmeter SLI2000 reading: cannot unpack non-iterable NoneType object. Probably not a tuple. Not updating measurement
WARNING: 13:18:38 - main_pipeline.interpreter:  Error in extracting time and data from flowmeter SLS1500 reading: cannot unpack non-iterable NoneType object. Probably not a tuple. Not updating measurement
WARNING: 13:18:38 - main_pipeline.interpreter:  Error in extracting Dimetix laser data: cannot unpack non-iterable NoneType object. Probably not a tuple. Not updating measurement
WARNING: 13:18:38 - main_pipeline.interpreter:  Encountered exception in extracting picarro GAS data: cannot unpack non-iterable NoneType object. Probably not a tuple. Not updating measurement.
WARNING: 13:18:38 - main_pipeline.interpreter:  Encountered exception in extracting picarro WATER: cannot unpack non-iterable NoneType object. Probably not a tuple. Not updating measurement.
INFO: 13:18:38 - sensor_interfaces.picarro_interface:  Picarro queried
INFO: 13:18:38 - sensor_interfaces.picarro_interface:  Picarro queried
INFO: 13:18:39 - sensor_interfaces.picarro_interface:  Picarro queried
INFO: 13:18:39 - sensor_interfaces.picarro_interface:  Picarro queried
INFO: 13:18:40 - sensor_interfaces.picarro_interface:  Picarro queried
INFO: 13:18:40 - sensor_interfaces.picarro_interface:  Picarro queried
INFO: 13:18:41 - sensor_interfaces.picarro_interface:  Picarro queried
INFO: 13:18:41 - sensor_interfaces.picarro_interface:  Picarro queried
INFO: 13:18:42 - sensor_interfaces.picarro_interface:  Picarro queried
INFO: 13:18:42 - sensor_interfaces.picarro_interface:  Picarro queried
INFO: 13:18:43 - sensor_interfaces.picarro_interface:  Picarro queried
INFO: 13:18:43 - sensor_interfaces.picarro_interface:  Picarro queried
INFO: 13:18:44 - sensor_interfaces.picarro_interface:  Picarro queried
INFO: 13:18:44 - sensor_interfaces.picarro_interface:  Picarro queried
INFO: 13:18:45 - sensor_interfaces.picarro_interface:  Picarro queried
INFO: 13:18:45 - sensor_interfaces.picarro_interface:  Picarro queried
INFO: 13:18:46 - sensor_interfaces.picarro_interface:  Picarro queried
INFO: 13:18:46 - sensor_interfaces.picarro_interface:  Picarro queried
INFO: 13:18:47 - sensor_interfaces.picarro_interface:  Picarro queried
INFO: 13:18:47 - sensor_interfaces.picarro_interface:  Picarro queried
INFO: 13:18:48 - sensor_interfaces.picarro_interface:  Picarro queried
INFO: 13:18:48 - sensor_interfaces.picarro_interface:  Picarro queried
INFO: 13:18:49 - sensor_interfaces.picarro_interface:  Picarro queried
INFO: 13:18:49 - sensor_interfaces.picarro_interface:  Picarro queried
INFO: 13:18:50 - sensor_interfaces.picarro_interface:  Picarro queried
INFO: 13:18:50 - sensor_interfaces.picarro_interface:  Picarro queried
INFO: 13:18:51 - sensor_interfaces.picarro_interface:  Picarro queried
INFO: 13:18:51 - sensor_interfaces.picarro_interface:  Picarro queried
INFO: 13:18:52 - sensor_interfaces.picarro_interface:  Picarro queried
INFO: 13:18:52 - sensor_interfaces.picarro_interface:  Picarro queried
INFO: 13:18:53 - sensor_interfaces.picarro_interface:  Picarro queried
INFO: 13:18:53 - sensor_interfaces.picarro_interface:  Picarro queried
INFO: 13:18:54 - sensor_interfaces.picarro_interface:  Picarro queried
INFO: 13:18:54 - sensor_interfaces.picarro_interface:  Picarro queried
INFO: 13:18:55 - sensor_interfaces.picarro_interface:  Picarro queried
INFO: 13:18:55 - sensor_interfaces.picarro_interface:  Picarro queried
INFO: 13:18:56 - sensor_interfaces.picarro_interface:  Picarro queried
INFO: 13:18:56 - sensor_interfaces.picarro_interface:  Picarro queried
INFO: 13:18:57 - sensor_interfaces.picarro_interface:  Picarro queried
INFO: 13:18:57 - sensor_interfaces.picarro_interface:  Picarro queried
INFO: 13:18:58 - sensor_interfaces.picarro_interface:  Picarro queried
INFO: 13:18:58 - sensor_interfaces.picarro_interface:  Picarro queried
INFO: 13:18:59 - sensor_interfaces.picarro_interface:  Picarro queried
INFO: 13:18:59 - sensor_interfaces.picarro_interface:  Picarro queried
INFO: 13:19:00 - sensor_interfaces.picarro_interface:  Picarro queried
INFO: 13:19:00 - sensor_interfaces.picarro_interface:  Picarro queried
INFO: 13:19:01 - sensor_interfaces.picarro_interface:  Picarro queried
INFO: 13:19:01 - sensor_interfaces.picarro_interface:  Picarro queried
INFO: 13:19:02 - sensor_interfaces.picarro_interface:  Picarro queried
INFO: 13:19:02 - sensor_interfaces.picarro_interface:  Picarro queried
INFO: 13:19:03 - sensor_interfaces.picarro_interface:  Picarro queried
INFO: 13:19:03 - sensor_interfaces.picarro_interface:  Picarro queried
INFO: 13:19:04 - sensor_interfaces.picarro_interface:  Picarro queried
INFO: 13:19:04 - sensor_interfaces.picarro_interface:  Picarro queried
INFO: 13:19:05 - sensor_interfaces.picarro_interface:  Picarro queried
INFO: 13:19:05 - sensor_interfaces.picarro_interface:  Picarro queried
INFO: 13:19:06 - sensor_interfaces.picarro_interface:  Picarro queried
INFO: 13:19:06 - sensor_interfaces.picarro_interface:  Picarro queried
INFO: 13:19:07 - sensor_interfaces.picarro_interface:  Picarro queried
INFO: 13:19:07 - sensor_interfaces.picarro_interface:  Picarro queried
INFO: 13:19:08 - sensor_interfaces.picarro_interface:  Picarro queried
INFO: 13:19:08 - sensor_interfaces.picarro_interface:  Picarro queried
INFO: 13:19:09 - sensor_interfaces.picarro_interface:  Picarro queried
INFO: 13:19:09 - sensor_interfaces.picarro_interface:  Picarro queried
INFO: 13:19:10 - sensor_interfaces.picarro_interface:  Picarro queried
INFO: 13:19:10 - sensor_interfaces.picarro_interface:  Picarro queried
INFO: 13:19:11 - sensor_interfaces.picarro_interface:  Picarro queried
INFO: 13:19:11 - sensor_interfaces.picarro_interface:  Picarro queried
INFO: 13:19:12 - sensor_interfaces.picarro_interface:  Picarro queried
INFO: 13:19:12 - sensor_interfaces.picarro_interface:  Picarro queried
INFO: 13:19:13 - sensor_interfaces.picarro_interface:  Picarro queried
INFO: 13:19:13 - sensor_interfaces.picarro_interface:  Picarro queried
INFO: 13:19:14 - sensor_interfaces.picarro_interface:  Picarro queried
INFO: 13:19:14 - sensor_interfaces.picarro_interface:  Picarro queried
INFO: 13:19:15 - sensor_interfaces.picarro_interface:  Picarro queried
INFO: 13:19:15 - sensor_interfaces.picarro_interface:  Picarro queried
INFO: 13:19:16 - sensor_interfaces.picarro_interface:  Picarro queried
INFO: 13:19:16 - sensor_interfaces.picarro_interface:  Picarro queried
INFO: 13:19:17 - sensor_interfaces.picarro_interface:  Picarro queried
INFO: 13:19:17 - sensor_interfaces.picarro_interface:  Picarro queried
INFO: 13:19:18 - sensor_interfaces.picarro_interface:  Picarro queried
INFO: 13:19:18 - sensor_interfaces.picarro_interface:  Picarro queried
INFO: 13:19:19 - sensor_interfaces.picarro_interface:  Picarro queried
INFO: 13:19:19 - sensor_interfaces.picarro_interface:  Picarro queried
INFO: 13:19:20 - sensor_interfaces.picarro_interface:  Picarro queried
INFO: 13:19:20 - sensor_interfaces.picarro_interface:  Picarro queried
INFO: 13:19:21 - sensor_interfaces.picarro_interface:  Picarro queried
INFO: 13:19:21 - sensor_interfaces.picarro_interface:  Picarro queried
INFO: 13:19:22 - sensor_interfaces.picarro_interface:  Picarro queried
INFO: 13:19:22 - sensor_interfaces.picarro_interface:  Picarro queried
INFO: 13:19:23 - sensor_interfaces.picarro_interface:  Picarro queried
INFO: 13:19:23 - sensor_interfaces.picarro_interface:  Picarro queried
INFO: 13:19:24 - sensor_interfaces.picarro_interface:  Picarro queried
INFO: 13:19:24 - sensor_interfaces.picarro_interface:  Picarro queried
INFO: 13:19:25 - sensor_interfaces.picarro_interface:  Picarro queried
INFO: 13:19:25 - sensor_interfaces.picarro_interface:  Picarro queried
INFO: 13:19:26 - sensor_interfaces.picarro_interface:  Picarro queried
INFO: 13:19:26 - sensor_interfaces.picarro_interface:  Picarro queried
INFO: 13:19:27 - sensor_interfaces.picarro_interface:  Picarro queried
INFO: 13:19:27 - sensor_interfaces.picarro_interface:  Picarro queried
INFO: 13:19:28 - sensor_interfaces.picarro_interface:  Picarro queried
INFO: 13:19:28 - sensor_interfaces.picarro_interface:  Picarro queried
INFO: 13:19:29 - sensor_interfaces.picarro_interface:  Picarro queried
INFO: 13:19:29 - sensor_interfaces.picarro_interface:  Picarro queried
INFO: 13:19:30 - sensor_interfaces.picarro_interface:  Picarro queried
INFO: 13:19:30 - sensor_interfaces.picarro_interface:  Picarro queried
INFO: 13:19:31 - sensor_interfaces.picarro_interface:  Picarro queried
INFO: 13:19:31 - sensor_interfaces.picarro_interface:  Picarro queried
INFO: 13:19:32 - sensor_interfaces.picarro_interface:  Picarro queried
INFO: 13:19:32 - sensor_interfaces.picarro_interface:  Picarro queried
INFO: 13:19:33 - sensor_interfaces.picarro_interface:  Picarro queried
INFO: 13:19:33 - sensor_interfaces.picarro_interface:  Picarro queried
INFO: 13:19:34 - sensor_interfaces.picarro_interface:  Picarro queried
INFO: 13:19:34 - sensor_interfaces.picarro_interface:  Picarro queried
INFO: 13:19:35 - sensor_interfaces.sim_instruments:  Initializing Bronkhorst
INFO: 13:19:35 - sensor_interfaces.sim_instruments:  Bronkhorst initialized
INFO: 13:19:35 - sensor_interfaces.picarro_interface:  Picarro queried
INFO: 13:19:35 - sensor_interfaces.picarro_interface:  Picarro queried
INFO: 13:19:36 - sensor_interfaces.picarro_interface:  Picarro queried
INFO: 13:19:36 - sensor_interfaces.picarro_interface:  Picarro queried
INFO: 13:19:37 - sensor_interfaces.picarro_interface:  Picarro queried
INFO: 13:19:37 - sensor_interfaces.picarro_interface:  Picarro queried
INFO: 13:19:38 - sensor_interfaces.picarro_interface:  Picarro queried
INFO: 13:19:38 - sensor_interfaces.picarro_interface:  Picarro queried
INFO: 13:19:39 - sensor_interfaces.picarro_interface:  Picarro queried
INFO: 13:19:39 - sensor_interfaces.picarro_interface:  Picarro queried
INFO: 13:19:40 - sensor_interfaces.picarro_interface:  Picarro queried
INFO: 13:19:40 - sensor_interfaces.picarro_interface:  Picarro queried
INFO: 13:19:41 - sensor_interfaces.picarro_interface:  Picarro queried
INFO: 13:19:41 - sensor_interfaces.picarro_interface:  Picarro queried
INFO: 13:19:42 - sensor_interfaces.picarro_interface:  Picarro queried
INFO: 13:19:42 - sensor_interfaces.picarro_interface:  Picarro queried
INFO: 13:19:43 - sensor_interfaces.picarro_interface:  Picarro queried
INFO: 13:19:43 - sensor_interfaces.picarro_interface:  Picarro queried
INFO: 13:19:44 - sensor_interfaces.picarro_interface:  Picarro queried
INFO: 13:19:44 - sensor_interfaces.picarro_interface:  Picarro queried
INFO: 13:19:45 - sensor_interfaces.picarro_interface:  Picarro queried
INFO: 13:19:45 - sensor_interfaces.picarro_interface:  Picarro queried
INFO: 13:19:46 - sensor_interfaces.picarro_interface:  Picarro queried
INFO: 13:19:46 - sensor_interfaces.picarro_interface:  Picarro queried
INFO: 13:19:47 - sensor_interfaces.picarro_interface:  Picarro queried
INFO: 13:19:47 - sensor_interfaces.picarro_interface:  Picarro queried
INFO: 13:19:48 - sensor_interfaces.picarro_interface:  Picarro queried
INFO: 13:19:48 - sensor_interfaces.picarro_interface:  Picarro queried
INFO: 13:19:49 - sensor_interfaces.picarro_interface:  Picarro queried
INFO: 13:19:49 - sensor_interfaces.picarro_interface:  Picarro queried
INFO: 13:19:50 - sensor_interfaces.picarro_interface:  Picarro queried
INFO: 13:19:50 - sensor_interfaces.picarro_interface:  Picarro queried
INFO: 13:19:51 - sensor_interfaces.picarro_interface:  Picarro queried
INFO: 13:19:51 - sensor_interfaces.picarro_interface:  Picarro queried
INFO: 13:19:52 - sensor_interfaces.picarro_interface:  Picarro queried
INFO: 13:19:52 - sensor_interfaces.picarro_interface:  Picarro queried
INFO: 13:19:53 - sensor_interfaces.picarro_interface:  Picarro queried
INFO: 13:19:53 - sensor_interfaces.picarro_interface:  Picarro queried
INFO: 13:19:54 - sensor_interfaces.picarro_interface:  Picarro queried
INFO: 13:19:54 - sensor_interfaces.picarro_interface:  Picarro queried
INFO: 13:19:55 - sensor_interfaces.picarro_interface:  Picarro queried
INFO: 13:19:55 - sensor_interfaces.picarro_interface:  Picarro queried
INFO: 13:19:56 - sensor_interfaces.picarro_interface:  Picarro queried
INFO: 13:19:56 - sensor_interfaces.picarro_interface:  Picarro queried
INFO: 13:19:57 - sensor_interfaces.picarro_interface:  Picarro queried
INFO: 13:19:57 - sensor_interfaces.picarro_interface:  Picarro queried
INFO: 13:19:58 - sensor_interfaces.picarro_interface:  Picarro queried
INFO: 13:19:58 - sensor_interfaces.picarro_interface:  Picarro queried
INFO: 13:19:59 - sensor_interfaces.picarro_interface:  Picarro queried
INFO: 13:19:59 - sensor_interfaces.picarro_interface:  Picarro queried
INFO: 13:20:00 - sensor_interfaces.picarro_interface:  Picarro queried
INFO: 13:20:00 - sensor_interfaces.picarro_interface:  Picarro queried
INFO: 13:20:01 - sensor_interfaces.picarro_interface:  Picarro queried
INFO: 13:20:01 - sensor_interfaces.picarro_interface:  Picarro queried
INFO: 13:20:02 - sensor_interfaces.picarro_interface:  Picarro queried
INFO: 13:20:02 - sensor_interfaces.picarro_interface:  Picarro queried
INFO: 13:20:03 - sensor_interfaces.picarro_interface:  Picarro queried
INFO: 13:20:03 - sensor_interfaces.picarro_interface:  Picarro queried
INFO: 13:20:04 - sensor_interfaces.picarro_interface:  Picarro queried
INFO: 13:20:04 - sensor_interfaces.picarro_interface:  Picarro queried
INFO: 13:20:05 - sensor_interfaces.picarro_interface:  Picarro queried
INFO: 13:20:05 - sensor_interfaces.picarro_interface:  Picarro queried
INFO: 13:20:06 - sensor_interfaces.picarro_interface:  Picarro queried
INFO: 13:20:06 - sensor_interfaces.picarro_interface:  Picarro queried
INFO: 13:20:07 - sensor_interfaces.picarro_interface:  Picarro queried
INFO: 13:20:07 - sensor_interfaces.picarro_interface:  Picarro queried
INFO: 13:20:08 - sensor_interfaces.picarro_interface:  Picarro queried
INFO: 13:20:08 - sensor_interfaces.picarro_interface:  Picarro queried
INFO: 13:20:09 - sensor_interfaces.picarro_interface:  Picarro queried
INFO: 13:20:09 - sensor_interfaces.picarro_interface:  Picarro queried
INFO: 13:20:10 - sensor_interfaces.picarro_interface:  Picarro queried
INFO: 13:20:10 - sensor_interfaces.picarro_interface:  Picarro queried
INFO: 13:20:11 - sensor_interfaces.picarro_interface:  Picarro queried
INFO: 13:20:11 - sensor_interfaces.picarro_interface:  Picarro queried
INFO: 13:20:12 - sensor_interfaces.picarro_interface:  Picarro queried
INFO: 13:20:12 - sensor_interfaces.picarro_interface:  Picarro queried
INFO: 13:20:13 - sensor_interfaces.picarro_interface:  Picarro queried
INFO: 13:20:13 - sensor_interfaces.picarro_interface:  Picarro queried
INFO: 13:20:14 - sensor_interfaces.picarro_interface:  Picarro queried
INFO: 13:20:14 - sensor_interfaces.picarro_interface:  Picarro queried
INFO: 13:20:15 - sensor_interfaces.picarro_interface:  Picarro queried
INFO: 13:20:15 - sensor_interfaces.picarro_interface:  Picarro queried
INFO: 13:20:16 - sensor_interfaces.picarro_interface:  Picarro queried
INFO: 13:20:16 - sensor_interfaces.picarro_interface:  Picarro queried
INFO: 13:20:17 - sensor_interfaces.picarro_interface:  Picarro queried
INFO: 13:20:17 - sensor_interfaces.picarro_interface:  Picarro queried
INFO: 13:20:18 - sensor_interfaces.picarro_interface:  Picarro queried
INFO: 13:20:18 - sensor_interfaces.picarro_interface:  Picarro queried
INFO: 13:20:19 - sensor_interfaces.picarro_interface:  Picarro queried
INFO: 13:20:19 - sensor_interfaces.picarro_interface:  Picarro queried
INFO: 13:20:20 - sensor_interfaces.picarro_interface:  Picarro queried
INFO: 13:20:20 - sensor_interfaces.picarro_interface:  Picarro queried
INFO: 13:20:21 - sensor_interfaces.picarro_interface:  Picarro queried
INFO: 13:20:21 - sensor_interfaces.picarro_interface:  Picarro queried
INFO: 13:20:22 - sensor_interfaces.picarro_interface:  Picarro queried
INFO: 13:20:22 - sensor_interfaces.picarro_interface:  Picarro queried
INFO: 13:20:23 - sensor_interfaces.picarro_interface:  Picarro queried
INFO: 13:20:23 - sensor_interfaces.picarro_interface:  Picarro queried
INFO: 13:20:24 - sensor_interfaces.picarro_interface:  Picarro queried
INFO: 13:20:24 - sensor_interfaces.picarro_interface:  Picarro queried
INFO: 13:20:25 - sensor_interfaces.picarro_interface:  Picarro queried
INFO: 13:20:25 - sensor_interfaces.picarro_interface:  Picarro queried
INFO: 13:20:26 - sensor_interfaces.picarro_interface:  Picarro queried
INFO: 13:20:26 - sensor_interfaces.picarro_interface:  Picarro queried
INFO: 13:20:27 - sensor_interfaces.picarro_interface:  Picarro queried
INFO: 13:20:27 - sensor_interfaces.picarro_interface:  Picarro queried
INFO: 13:20:28 - sensor_interfaces.picarro_interface:  Picarro queried
INFO: 13:20:28 - sensor_interfaces.picarro_interface:  Picarro queried
INFO: 13:20:29 - sensor_interfaces.picarro_interface:  Picarro queried
INFO: 13:20:29 - sensor_interfaces.picarro_interface:  Picarro queried
INFO: 13:20:30 - sensor_interfaces.picarro_interface:  Picarro queried
INFO: 13:20:30 - sensor_interfaces.picarro_interface:  Picarro queried
INFO: 13:20:31 - sensor_interfaces.picarro_interface:  Picarro queried
INFO: 13:20:31 - sensor_interfaces.picarro_interface:  Picarro queried
INFO: 13:20:32 - sensor_interfaces.picarro_interface:  Picarro queried
INFO: 13:20:32 - sensor_interfaces.picarro_interface:  Picarro queried
INFO: 13:20:33 - sensor_interfaces.picarro_interface:  Picarro queried
INFO: 13:20:34 - sensor_interfaces.picarro_interface:  Picarro queried
INFO: 13:20:34 - sensor_interfaces.picarro_interface:  Picarro queried
INFO: 13:20:34 - sensor_interfaces.picarro_interface:  Picarro queried
INFO: 13:20:35 - sensor_interfaces.picarro_interface:  Picarro queried
INFO: 13:20:35 - sensor_interfaces.picarro_interface:  Picarro queried
INFO: 13:20:36 - sensor_interfaces.picarro_interface:  Picarro queried
INFO: 13:20:36 - sensor_interfaces.picarro_interface:  Picarro queried
INFO: 13:20:37 - sensor_interfaces.picarro_interface:  Picarro queried
INFO: 13:20:37 - sensor_interfaces.picarro_interface:  Picarro queried
INFO: 13:20:38 - sensor_interfaces.picarro_interface:  Picarro queried
INFO: 13:20:38 - sensor_interfaces.picarro_interface:  Picarro queried
INFO: 13:20:39 - sensor_interfaces.picarro_interface:  Picarro queried
INFO: 13:20:39 - sensor_interfaces.picarro_interface:  Picarro queried
INFO: 13:20:40 - sensor_interfaces.picarro_interface:  Picarro queried
INFO: 13:20:41 - sensor_interfaces.picarro_interface:  Picarro queried
INFO: 13:20:41 - sensor_interfaces.picarro_interface:  Picarro queried
INFO: 13:20:41 - sensor_interfaces.picarro_interface:  Picarro queried
INFO: 13:20:42 - sensor_interfaces.picarro_interface:  Picarro queried
INFO: 13:20:42 - sensor_interfaces.picarro_interface:  Picarro queried
INFO: 13:20:43 - sensor_interfaces.picarro_interface:  Picarro queried
INFO: 13:20:43 - sensor_interfaces.picarro_interface:  Picarro queried
INFO: 13:20:44 - sensor_interfaces.picarro_interface:  Picarro queried
INFO: 13:20:44 - sensor_interfaces.picarro_interface:  Picarro queried
INFO: 13:20:45 - sensor_interfaces.picarro_interface:  Picarro queried
INFO: 13:20:45 - sensor_interfaces.picarro_interface:  Picarro queried
INFO: 13:20:49 - main_pipeline.sensor:  Shutting down sensors
INFO: 13:20:49 - sensor_interfaces.abakus_interface:  Abakus measurements stopped
INFO: 13:20:49 - sensor_interfaces.laser_interface:  Dimetix laser turned off
INFO: 13:20:49 - main_pipeline.sensor:  Finished shutting down sensors
INFO: 13:21:11 - main_pipeline.sensor:  Initializing sensors
INFO: 13:21:11 - sensor_interfaces.abakus_interface:  Initializing Abakus
INFO: 13:21:11 - sensor_interfaces.abakus_interface:  Abakus measurements started
INFO: 13:21:11 - sensor_interfaces.abakus_interface:  Initialization attempt 1/10
INFO: 13:21:11 - sensor_interfaces.abakus_interface:  Abakus initialized
INFO: 13:21:11 - sensor_interfaces.picarro_interface:  Initialization attempt 1/10
INFO: 13:21:11 - sensor_interfaces.picarro_interface:  Picarro queried
INFO: 13:21:11 - sensor_interfaces.picarro_interface:  Picarro initialized
INFO: 13:21:11 - sensor_interfaces.picarro_interface:  Initialization attempt 1/10
INFO: 13:21:12 - sensor_interfaces.picarro_interface:  Picarro queried
INFO: 13:21:12 - sensor_interfaces.picarro_interface:  Initialization attempt 2/10
INFO: 13:21:12 - sensor_interfaces.picarro_interface:  Picarro queried
INFO: 13:21:12 - sensor_interfaces.picarro_interface:  Initialization attempt 3/10
INFO: 13:21:13 - sensor_interfaces.picarro_interface:  Picarro queried
INFO: 13:21:13 - sensor_interfaces.picarro_interface:  Initialization attempt 4/10
INFO: 13:21:13 - sensor_interfaces.picarro_interface:  Picarro queried
INFO: 13:21:13 - sensor_interfaces.picarro_interface:  Initialization attempt 5/10
INFO: 13:21:14 - sensor_interfaces.picarro_interface:  Picarro queried
INFO: 13:21:14 - sensor_interfaces.picarro_interface:  Initialization attempt 6/10
INFO: 13:21:14 - sensor_interfaces.picarro_interface:  Picarro queried
INFO: 13:21:14 - sensor_interfaces.picarro_interface:  Initialization attempt 7/10
INFO: 13:21:15 - sensor_interfaces.picarro_interface:  Picarro queried
INFO: 13:21:15 - sensor_interfaces.picarro_interface:  Initialization attempt 8/10
INFO: 13:21:15 - sensor_interfaces.picarro_interface:  Picarro queried
INFO: 13:21:15 - sensor_interfaces.picarro_interface:  Initialization attempt 9/10
INFO: 13:21:16 - sensor_interfaces.picarro_interface:  Picarro queried
INFO: 13:21:16 - sensor_interfaces.picarro_interface:  Initialization attempt 10/10
INFO: 13:21:16 - sensor_interfaces.picarro_interface:  Picarro queried
INFO: 13:21:16 - sensor_interfaces.picarro_interface:  Picarro initialization failed after 10 attempts
INFO: 13:21:16 - sensor_interfaces.laser_interface:  Dimetix laser turned on
INFO: 13:21:16 - sensor_interfaces.laser_interface:  Laser distance initialization attempt 1/10
INFO: 13:21:16 - sensor_interfaces.laser_interface:  Laser distance initialized
INFO: 13:21:16 - sensor_interfaces.laser_interface:  Laser temperature initialization attempt 1/10
INFO: 13:21:16 - sensor_interfaces.laser_interface:  Laser temperature initialized
INFO: 13:21:16 - sensor_interfaces.sim_instruments:  Initializing Bronkhorst
INFO: 13:21:16 - sensor_interfaces.sim_instruments:  Bronkhorst initialized
INFO: 13:21:16 - sensor_interfaces.sim_instruments:  Initializing Melthead
INFO: 13:21:16 - sensor_interfaces.sim_instruments:  Melthead initialized
INFO: 13:21:16 - sensor_interfaces.flowmeter_interface:  Flowmeter measurements started
INFO: 13:21:16 - sensor_interfaces.flowmeter_interface:  Initialization attempt 1/10
INFO: 13:21:20 - sensor_interfaces.flowmeter_interface:  Initialization attempt 2/10
INFO: 13:21:20 - sensor_interfaces.flowmeter_interface:  Flowmeter sli2000 initialized
INFO: 13:21:20 - sensor_interfaces.flowmeter_interface:  Flowmeter measurements started
INFO: 13:21:20 - sensor_interfaces.flowmeter_interface:  Initialization attempt 1/10
INFO: 13:21:24 - sensor_interfaces.flowmeter_interface:  Initialization attempt 2/10
INFO: 13:21:24 - sensor_interfaces.flowmeter_interface:  Flowmeter sls1500 initialized
INFO: 13:21:24 - main_pipeline.sensor:  Finished initializing sensors
INFO: 13:21:31 - sensor_interfaces.sim_instruments:  Initializing Bronkhorst
INFO: 13:21:31 - sensor_interfaces.sim_instruments:  Bronkhorst initialized
INFO: 13:25:07 - main_pipeline.sensor:  Initializing sensors
INFO: 13:25:07 - sensor_interfaces.abakus_interface:  Initializing Abakus
INFO: 13:25:07 - sensor_interfaces.abakus_interface:  Abakus measurements started
INFO: 13:25:07 - sensor_interfaces.abakus_interface:  Initialization attempt 1/10
INFO: 13:25:07 - sensor_interfaces.abakus_interface:  Abakus initialized
INFO: 13:25:07 - sensor_interfaces.picarro_interface:  Initialization attempt 1/10
INFO: 13:25:07 - sensor_interfaces.picarro_interface:  Picarro queried
INFO: 13:25:07 - sensor_interfaces.picarro_interface:  Picarro initialized
INFO: 13:25:07 - sensor_interfaces.picarro_interface:  Initialization attempt 1/10
INFO: 13:25:07 - sensor_interfaces.picarro_interface:  Exception in Picarro initialization: WriteFile failed (PermissionError(13, 'Access is denied.', None, 5))
INFO: 13:25:07 - sensor_interfaces.picarro_interface:  Picarro initialization failed after 10 attempts
INFO: 13:25:07 - sensor_interfaces.laser_interface:  Dimetix laser turned on
INFO: 13:25:07 - sensor_interfaces.laser_interface:  Laser distance initialization attempt 1/10
INFO: 13:25:07 - sensor_interfaces.laser_interface:  Laser distance initialized
INFO: 13:25:07 - sensor_interfaces.laser_interface:  Laser temperature initialization attempt 1/10
INFO: 13:25:07 - sensor_interfaces.laser_interface:  Laser temperature initialized
INFO: 13:25:07 - sensor_interfaces.sim_instruments:  Initializing Bronkhorst
INFO: 13:25:07 - sensor_interfaces.sim_instruments:  Bronkhorst initialized
INFO: 13:25:07 - sensor_interfaces.sim_instruments:  Initializing Melthead
INFO: 13:25:07 - sensor_interfaces.sim_instruments:  Melthead initialized
INFO: 13:25:07 - sensor_interfaces.flowmeter_interface:  Flowmeter measurements started
INFO: 13:25:07 - sensor_interfaces.flowmeter_interface:  Initialization attempt 1/10
INFO: 13:25:11 - sensor_interfaces.flowmeter_interface:  Initialization attempt 2/10
INFO: 13:25:11 - sensor_interfaces.flowmeter_interface:  Flowmeter sli2000 initialized
INFO: 13:25:11 - sensor_interfaces.flowmeter_interface:  Flowmeter measurements started
INFO: 13:25:11 - sensor_interfaces.flowmeter_interface:  Initialization attempt 1/10
INFO: 13:25:14 - sensor_interfaces.flowmeter_interface:  Initialization attempt 2/10
INFO: 13:25:14 - sensor_interfaces.flowmeter_interface:  Flowmeter sls1500 initialized
INFO: 13:25:14 - main_pipeline.sensor:  Finished initializing sensors
INFO: 13:25:36 - main_pipeline.sensor:  Shutting down sensors
INFO: 13:25:36 - sensor_interfaces.abakus_interface:  Abakus measurements stopped
INFO: 13:25:36 - sensor_interfaces.laser_interface:  Dimetix laser turned off
INFO: 13:25:36 - main_pipeline.sensor:  Finished shutting down sensors
INFO: 13:25:39 - main_pipeline.sensor:  Initializing sensors
INFO: 13:25:39 - sensor_interfaces.abakus_interface:  Initializing Abakus
INFO: 13:25:39 - sensor_interfaces.abakus_interface:  Abakus measurements started
INFO: 13:25:39 - sensor_interfaces.abakus_interface:  Initialization attempt 1/10
INFO: 13:25:39 - sensor_interfaces.abakus_interface:  Initialization attempt 2/10
INFO: 13:25:39 - sensor_interfaces.abakus_interface:  Initialization attempt 3/10
INFO: 13:25:39 - sensor_interfaces.abakus_interface:  Initialization attempt 4/10
INFO: 13:25:39 - sensor_interfaces.abakus_interface:  Initialization attempt 5/10
INFO: 13:25:39 - sensor_interfaces.abakus_interface:  Initialization attempt 6/10
INFO: 13:25:39 - sensor_interfaces.abakus_interface:  Abakus initialized
INFO: 13:25:39 - sensor_interfaces.picarro_interface:  Initialization attempt 1/10
INFO: 13:25:39 - sensor_interfaces.picarro_interface:  Picarro queried
INFO: 13:25:39 - sensor_interfaces.picarro_interface:  Picarro initialized
INFO: 13:25:39 - sensor_interfaces.picarro_interface:  Initialization attempt 1/10
INFO: 13:25:39 - sensor_interfaces.picarro_interface:  Exception in Picarro initialization: WriteFile failed (PermissionError(13, 'Access is denied.', None, 5))
INFO: 13:25:39 - sensor_interfaces.picarro_interface:  Picarro initialization failed after 10 attempts
INFO: 13:25:39 - sensor_interfaces.laser_interface:  Dimetix laser turned on
INFO: 13:25:39 - sensor_interfaces.laser_interface:  Laser distance initialization attempt 1/10
INFO: 13:25:39 - sensor_interfaces.laser_interface:  Laser distance initialized
INFO: 13:25:39 - sensor_interfaces.laser_interface:  Laser temperature initialization attempt 1/10
INFO: 13:25:39 - sensor_interfaces.laser_interface:  Laser temperature initialized
INFO: 13:25:39 - sensor_interfaces.sim_instruments:  Initializing Bronkhorst
INFO: 13:25:39 - sensor_interfaces.sim_instruments:  Bronkhorst initialized
INFO: 13:25:39 - sensor_interfaces.sim_instruments:  Initializing Melthead
INFO: 13:25:39 - sensor_interfaces.sim_instruments:  Melthead initialized
INFO: 13:25:39 - sensor_interfaces.flowmeter_interface:  Flowmeter measurements started
INFO: 13:25:39 - sensor_interfaces.flowmeter_interface:  Initialization attempt 1/10
INFO: 13:25:43 - sensor_interfaces.flowmeter_interface:  Initialization attempt 2/10
INFO: 13:25:43 - sensor_interfaces.flowmeter_interface:  Flowmeter sli2000 initialized
INFO: 13:25:43 - sensor_interfaces.flowmeter_interface:  Flowmeter measurements started
INFO: 13:25:43 - sensor_interfaces.flowmeter_interface:  Initialization attempt 1/10
INFO: 13:25:46 - sensor_interfaces.flowmeter_interface:  Initialization attempt 2/10
INFO: 13:25:46 - sensor_interfaces.flowmeter_interface:  Flowmeter sls1500 initialized
INFO: 13:25:46 - main_pipeline.sensor:  Finished initializing sensors
INFO: 13:25:48 - sensor_interfaces.picarro_interface:  Initialization attempt 1/10
INFO: 13:25:48 - sensor_interfaces.picarro_interface:  Exception in Picarro initialization: WriteFile failed (PermissionError(13, 'Access is denied.', None, 5))
INFO: 13:25:48 - sensor_interfaces.picarro_interface:  Picarro initialization failed after 10 attempts
INFO: 13:25:59 - sensor_interfaces.picarro_interface:  Picarro queried
WARNING: 13:26:00 - main_pipeline.interpreter:  Didn't receive the expected 32 Abakus channels. Not updating measurement
INFO: 13:26:00 - sensor_interfaces.picarro_interface:  Picarro queried
WARNING: 13:26:01 - main_pipeline.interpreter:  Didn't receive the expected 32 Abakus channels. Not updating measurement
INFO: 13:26:01 - sensor_interfaces.picarro_interface:  Picarro queried
WARNING: 13:26:02 - main_pipeline.interpreter:  Didn't receive the expected 32 Abakus channels. Not updating measurement
INFO: 13:26:02 - sensor_interfaces.picarro_interface:  Picarro queried
WARNING: 13:26:03 - main_pipeline.interpreter:  Didn't receive the expected 32 Abakus channels. Not updating measurement
INFO: 13:26:03 - sensor_interfaces.picarro_interface:  Picarro queried
WARNING: 13:26:04 - main_pipeline.interpreter:  Didn't receive the expected 32 Abakus channels. Not updating measurement
INFO: 13:26:04 - sensor_interfaces.picarro_interface:  Picarro queried
WARNING: 13:26:05 - main_pipeline.interpreter:  Didn't receive the expected 32 Abakus channels. Not updating measurement
INFO: 13:26:05 - sensor_interfaces.picarro_interface:  Picarro queried
INFO: 13:26:06 - sensor_interfaces.picarro_interface:  Picarro queried
INFO: 13:26:07 - sensor_interfaces.picarro_interface:  Picarro queried
INFO: 13:26:08 - sensor_interfaces.picarro_interface:  Picarro queried
INFO: 13:26:09 - sensor_interfaces.picarro_interface:  Picarro queried
INFO: 13:26:10 - sensor_interfaces.picarro_interface:  Picarro queried
INFO: 13:26:11 - main_pipeline.sensor:  Shutting down sensors
INFO: 13:26:11 - sensor_interfaces.abakus_interface:  Abakus measurements stopped
INFO: 13:26:11 - sensor_interfaces.laser_interface:  Dimetix laser turned off
INFO: 13:26:11 - main_pipeline.sensor:  Finished shutting down sensors
INFO: 13:26:23 - main_pipeline.sensor:  Shutting down sensors
INFO: 13:26:23 - sensor_interfaces.abakus_interface:  Abakus measurements stopped
INFO: 13:26:23 - sensor_interfaces.laser_interface:  Dimetix laser turned off
INFO: 13:26:23 - main_pipeline.sensor:  Finished shutting down sensors
INFO: 13:27:38 - main_pipeline.sensor:  Successfully connected to port COM8, using real Picarro Gas hardware
INFO: 13:27:38 - main_pipeline.sensor:  Successfully connected to port COM7, using real Picarro Water hardware
INFO: 13:27:38 - main_pipeline.sensor:  Successfully connected to port COM4, using real Abakus hardware
INFO: 13:27:38 - main_pipeline.sensor:  Successfully connected to port COM3 and COM5, using real Flowmeter hardware
INFO: 13:27:38 - main_pipeline.sensor:  Successfully connected to port COM6, using real Dimetix hardware
WARNING: 13:27:38 - main_pipeline.sensor:  Couldn't find Bronkhorst at port COM9, shadowing sensor calls with substitute functions
WARNING: 13:27:38 - main_pipeline.sensor:  Couldn't find Melthead at port COM9, shadowing sensor calls with substitute functions
INFO: 13:27:38 - sensor_interfaces.abakus_interface:  Connected to serial port COM4 with baud 38400
INFO: 13:27:38 - sensor_interfaces.flowmeter_interface:  Connected to serial port COM3 with baud 115200
INFO: 13:27:38 - sensor_interfaces.flowmeter_interface:  Connected to serial port COM5 with baud 115200
INFO: 13:27:38 - sensor_interfaces.laser_interface:  Connected to serial port COM6 with baud 19200
INFO: 13:27:38 - sensor_interfaces.picarro_interface:  Connected to serial port COM8 with baud 19200
INFO: 13:27:38 - sensor_interfaces.picarro_interface:  Connected to serial port COM7 with baud 19200
INFO: 13:27:38 - sensor_interfaces.sim_instruments:  Fake hardware, pretending to use serial port COM9 with baud 38400
INFO: 13:27:38 - main_pipeline.sensor:  Sensor class initiated
INFO: 13:27:38 - main_pipeline.interpreter:  Interpreter class initiated
INFO: 13:27:38 - main_pipeline.writer:  Display class initiated
INFO: 13:27:38 - __main__:  No control inputs for the Picarro Gas
INFO: 13:27:38 - __main__:  No control inputs for the Picarro Water
INFO: 13:27:38 - __main__:  No control inputs for the Laser Distance Sensor
INFO: 13:27:38 - __main__:  No control inputs for the Abakus Particle Counter
INFO: 13:27:38 - __main__:  No control inputs for the Flowmeter
INFO: 13:28:03 - main_pipeline.sensor:  Initializing sensors
INFO: 13:28:03 - sensor_interfaces.abakus_interface:  Initializing Abakus
INFO: 13:28:03 - sensor_interfaces.abakus_interface:  Abakus measurements started
INFO: 13:28:03 - sensor_interfaces.abakus_interface:  Initialization attempt 1/10
INFO: 13:28:04 - sensor_interfaces.abakus_interface:  Initialization attempt 2/10
INFO: 13:28:04 - sensor_interfaces.abakus_interface:  Initialization attempt 3/10
INFO: 13:28:04 - sensor_interfaces.abakus_interface:  Abakus initialized
INFO: 13:28:04 - sensor_interfaces.picarro_interface:  Initialization attempt 1/10
INFO: 13:28:04 - sensor_interfaces.picarro_interface:  Picarro queried
INFO: 13:28:04 - sensor_interfaces.picarro_interface:  Picarro initialized
INFO: 13:28:04 - sensor_interfaces.picarro_interface:  Initialization attempt 1/10
INFO: 13:28:04 - sensor_interfaces.picarro_interface:  Picarro queried
INFO: 13:28:04 - sensor_interfaces.picarro_interface:  Picarro initialized
INFO: 13:28:04 - sensor_interfaces.laser_interface:  Dimetix laser turned on
INFO: 13:28:04 - sensor_interfaces.laser_interface:  Laser distance initialization attempt 1/10
INFO: 13:28:04 - sensor_interfaces.laser_interface:  Laser distance initialized
INFO: 13:28:04 - sensor_interfaces.laser_interface:  Laser temperature initialization attempt 1/10
INFO: 13:28:04 - sensor_interfaces.laser_interface:  Laser temperature initialized
INFO: 13:28:04 - sensor_interfaces.sim_instruments:  Initializing Bronkhorst
INFO: 13:28:04 - sensor_interfaces.sim_instruments:  Bronkhorst initialized
INFO: 13:28:04 - sensor_interfaces.sim_instruments:  Initializing Melthead
INFO: 13:28:04 - sensor_interfaces.sim_instruments:  Melthead initialized
INFO: 13:28:04 - sensor_interfaces.flowmeter_interface:  Flowmeter measurements started
INFO: 13:28:04 - sensor_interfaces.flowmeter_interface:  Initialization attempt 1/10
INFO: 13:28:10 - sensor_interfaces.flowmeter_interface:  Initialization attempt 2/10
INFO: 13:28:10 - sensor_interfaces.flowmeter_interface:  Flowmeter sli2000 initialized
INFO: 13:28:10 - sensor_interfaces.flowmeter_interface:  Flowmeter measurements started
INFO: 13:28:10 - sensor_interfaces.flowmeter_interface:  Initialization attempt 1/10
INFO: 13:28:13 - sensor_interfaces.flowmeter_interface:  Initialization attempt 2/10
INFO: 13:28:13 - sensor_interfaces.flowmeter_interface:  Flowmeter sls1500 initialized
INFO: 13:28:13 - main_pipeline.sensor:  Finished initializing sensors
WARNING: 13:28:18 - main_pipeline.interpreter:  Error in extracting time and data from Abakus reading: cannot unpack non-iterable NoneType object. Probably not a tuple. Not updating measurement
WARNING: 13:28:18 - main_pipeline.interpreter:  Error in extracting time and data from flowmeter SLI2000 reading: cannot unpack non-iterable NoneType object. Probably not a tuple. Not updating measurement
WARNING: 13:28:18 - main_pipeline.interpreter:  Error in extracting time and data from flowmeter SLS1500 reading: cannot unpack non-iterable NoneType object. Probably not a tuple. Not updating measurement
WARNING: 13:28:18 - main_pipeline.interpreter:  Error in extracting Dimetix laser data: cannot unpack non-iterable NoneType object. Probably not a tuple. Not updating measurement
WARNING: 13:28:18 - main_pipeline.interpreter:  Encountered exception in extracting picarro GAS data: cannot unpack non-iterable NoneType object. Probably not a tuple. Not updating measurement.
WARNING: 13:28:18 - main_pipeline.interpreter:  Encountered exception in extracting picarro WATER: cannot unpack non-iterable NoneType object. Probably not a tuple. Not updating measurement.
INFO: 13:28:18 - sensor_interfaces.picarro_interface:  Picarro queried
INFO: 13:28:18 - sensor_interfaces.picarro_interface:  Picarro queried
INFO: 13:28:19 - sensor_interfaces.picarro_interface:  Picarro queried
INFO: 13:28:19 - sensor_interfaces.picarro_interface:  Picarro queried
INFO: 13:28:20 - sensor_interfaces.picarro_interface:  Picarro queried
INFO: 13:28:20 - sensor_interfaces.picarro_interface:  Picarro queried
INFO: 13:28:21 - sensor_interfaces.picarro_interface:  Picarro queried
INFO: 13:28:21 - sensor_interfaces.picarro_interface:  Picarro queried
INFO: 13:28:22 - sensor_interfaces.picarro_interface:  Picarro queried
INFO: 13:28:22 - sensor_interfaces.picarro_interface:  Picarro queried
INFO: 13:28:23 - sensor_interfaces.picarro_interface:  Picarro queried
INFO: 13:28:23 - sensor_interfaces.picarro_interface:  Picarro queried
INFO: 13:28:24 - sensor_interfaces.picarro_interface:  Picarro queried
INFO: 13:28:24 - sensor_interfaces.picarro_interface:  Picarro queried
INFO: 13:28:25 - sensor_interfaces.picarro_interface:  Picarro queried
INFO: 13:28:25 - sensor_interfaces.picarro_interface:  Picarro queried
INFO: 13:28:26 - sensor_interfaces.picarro_interface:  Picarro queried
INFO: 13:28:26 - sensor_interfaces.picarro_interface:  Picarro queried
INFO: 13:28:27 - sensor_interfaces.picarro_interface:  Picarro queried
INFO: 13:28:27 - sensor_interfaces.picarro_interface:  Picarro queried
INFO: 13:28:28 - sensor_interfaces.picarro_interface:  Picarro queried
INFO: 13:28:28 - sensor_interfaces.picarro_interface:  Picarro queried
INFO: 13:28:29 - sensor_interfaces.picarro_interface:  Picarro queried
INFO: 13:28:30 - sensor_interfaces.picarro_interface:  Picarro queried
INFO: 13:28:30 - sensor_interfaces.picarro_interface:  Picarro queried
INFO: 13:28:30 - sensor_interfaces.picarro_interface:  Picarro queried
INFO: 13:28:31 - sensor_interfaces.picarro_interface:  Picarro queried
INFO: 13:28:32 - sensor_interfaces.picarro_interface:  Picarro queried
INFO: 13:28:32 - sensor_interfaces.picarro_interface:  Picarro queried
INFO: 13:28:33 - sensor_interfaces.picarro_interface:  Picarro queried
INFO: 13:28:33 - sensor_interfaces.picarro_interface:  Picarro queried
INFO: 13:28:34 - sensor_interfaces.picarro_interface:  Picarro queried
INFO: 13:28:34 - sensor_interfaces.picarro_interface:  Picarro queried
INFO: 13:28:34 - sensor_interfaces.picarro_interface:  Picarro queried
INFO: 13:28:35 - sensor_interfaces.picarro_interface:  Picarro queried
INFO: 13:28:35 - sensor_interfaces.picarro_interface:  Picarro queried
INFO: 13:28:37 - sensor_interfaces.picarro_interface:  Picarro queried
INFO: 13:28:37 - sensor_interfaces.picarro_interface:  Picarro queried
INFO: 13:28:37 - sensor_interfaces.picarro_interface:  Picarro queried
INFO: 13:28:38 - sensor_interfaces.picarro_interface:  Picarro queried
INFO: 13:28:38 - sensor_interfaces.picarro_interface:  Picarro queried
INFO: 13:28:38 - sensor_interfaces.picarro_interface:  Picarro queried
INFO: 13:28:40 - sensor_interfaces.picarro_interface:  Picarro queried
INFO: 13:28:40 - sensor_interfaces.picarro_interface:  Picarro queried
INFO: 13:28:41 - sensor_interfaces.picarro_interface:  Picarro queried
INFO: 13:28:41 - sensor_interfaces.picarro_interface:  Picarro queried
INFO: 13:28:42 - sensor_interfaces.picarro_interface:  Picarro queried
INFO: 13:28:42 - sensor_interfaces.picarro_interface:  Picarro queried
INFO: 13:28:43 - sensor_interfaces.picarro_interface:  Picarro queried
INFO: 13:28:43 - sensor_interfaces.picarro_interface:  Picarro queried
INFO: 13:28:44 - sensor_interfaces.picarro_interface:  Picarro queried
INFO: 13:28:44 - sensor_interfaces.picarro_interface:  Picarro queried
INFO: 13:28:45 - sensor_interfaces.picarro_interface:  Picarro queried
INFO: 13:28:45 - sensor_interfaces.picarro_interface:  Picarro queried
INFO: 13:28:46 - sensor_interfaces.picarro_interface:  Picarro queried
INFO: 13:28:46 - sensor_interfaces.picarro_interface:  Picarro queried
INFO: 13:28:47 - sensor_interfaces.picarro_interface:  Picarro queried
INFO: 13:28:47 - sensor_interfaces.picarro_interface:  Picarro queried
INFO: 13:28:48 - sensor_interfaces.picarro_interface:  Picarro queried
INFO: 13:28:48 - sensor_interfaces.picarro_interface:  Picarro queried
INFO: 13:28:49 - sensor_interfaces.picarro_interface:  Picarro queried
INFO: 13:28:49 - sensor_interfaces.picarro_interface:  Picarro queried
INFO: 13:28:50 - sensor_interfaces.picarro_interface:  Picarro queried
INFO: 13:28:50 - sensor_interfaces.picarro_interface:  Picarro queried
INFO: 13:28:51 - sensor_interfaces.picarro_interface:  Picarro queried
INFO: 13:28:51 - sensor_interfaces.picarro_interface:  Picarro queried
INFO: 13:28:52 - sensor_interfaces.picarro_interface:  Picarro queried
INFO: 13:28:52 - sensor_interfaces.picarro_interface:  Picarro queried
INFO: 13:28:53 - sensor_interfaces.picarro_interface:  Picarro queried
INFO: 13:28:53 - sensor_interfaces.picarro_interface:  Picarro queried
INFO: 13:28:54 - sensor_interfaces.picarro_interface:  Picarro queried
INFO: 13:28:54 - sensor_interfaces.picarro_interface:  Picarro queried
INFO: 13:28:55 - sensor_interfaces.picarro_interface:  Picarro queried
INFO: 13:28:55 - sensor_interfaces.picarro_interface:  Picarro queried
INFO: 13:28:56 - sensor_interfaces.picarro_interface:  Picarro queried
INFO: 13:28:56 - sensor_interfaces.picarro_interface:  Picarro queried
INFO: 13:28:57 - sensor_interfaces.picarro_interface:  Picarro queried
INFO: 13:28:57 - sensor_interfaces.picarro_interface:  Picarro queried
INFO: 13:28:58 - sensor_interfaces.picarro_interface:  Picarro queried
INFO: 13:28:58 - sensor_interfaces.picarro_interface:  Picarro queried
INFO: 13:28:59 - sensor_interfaces.picarro_interface:  Picarro queried
INFO: 13:28:59 - sensor_interfaces.picarro_interface:  Picarro queried
INFO: 13:29:00 - sensor_interfaces.picarro_interface:  Picarro queried
INFO: 13:29:00 - sensor_interfaces.picarro_interface:  Picarro queried
INFO: 13:29:06 - main_pipeline.sensor:  Shutting down sensors
INFO: 13:29:06 - sensor_interfaces.abakus_interface:  Abakus measurements stopped
INFO: 13:29:06 - sensor_interfaces.laser_interface:  Dimetix laser turned off
INFO: 13:29:06 - main_pipeline.sensor:  Finished shutting down sensors
INFO: 13:29:09 - main_pipeline.sensor:  Shutting down sensors
INFO: 13:29:09 - sensor_interfaces.abakus_interface:  Abakus measurements stopped
INFO: 13:29:09 - sensor_interfaces.laser_interface:  Dimetix laser turned off
INFO: 13:29:09 - main_pipeline.sensor:  Finished shutting down sensors
INFO: 13:34:15 - main_pipeline.sensor:  Successfully connected to port COM8, using real Picarro Gas hardware
INFO: 13:34:15 - main_pipeline.sensor:  Successfully connected to port COM7, using real Picarro Water hardware
INFO: 13:34:15 - main_pipeline.sensor:  Successfully connected to port COM4, using real Abakus hardware
INFO: 13:34:16 - main_pipeline.sensor:  Successfully connected to port COM3 and COM5, using real Flowmeter hardware
INFO: 13:34:16 - main_pipeline.sensor:  Successfully connected to port COM6, using real Dimetix hardware
WARNING: 13:34:16 - main_pipeline.sensor:  Couldn't find Bronkhorst at port COM9, shadowing sensor calls with substitute functions
WARNING: 13:34:16 - main_pipeline.sensor:  Couldn't find Melthead at port COM9, shadowing sensor calls with substitute functions
INFO: 13:34:16 - sensor_interfaces.abakus_interface:  Connected to serial port COM4 with baud 38400
INFO: 13:34:16 - sensor_interfaces.flowmeter_interface:  Connected to serial port COM3 with baud 115200
INFO: 13:34:16 - sensor_interfaces.flowmeter_interface:  Connected to serial port COM5 with baud 115200
INFO: 13:34:16 - sensor_interfaces.laser_interface:  Connected to serial port COM6 with baud 19200
INFO: 13:34:16 - sensor_interfaces.picarro_interface:  Connected to serial port COM8 with baud 19200
INFO: 13:34:16 - sensor_interfaces.picarro_interface:  Connected to serial port COM7 with baud 19200
INFO: 13:34:16 - sensor_interfaces.sim_instruments:  Fake hardware, pretending to use serial port COM9 with baud 38400
INFO: 13:34:16 - main_pipeline.sensor:  Sensor class initiated
INFO: 13:34:16 - main_pipeline.interpreter:  Interpreter class initiated
INFO: 13:34:16 - main_pipeline.writer:  Display class initiated
INFO: 13:34:16 - __main__:  No control inputs for the Picarro Gas
INFO: 13:34:16 - __main__:  No control inputs for the Picarro Water
INFO: 13:34:16 - __main__:  No control inputs for the Laser Distance Sensor
INFO: 13:34:16 - __main__:  No control inputs for the Abakus Particle Counter
INFO: 13:34:16 - __main__:  No control inputs for the Flowmeter
INFO: 13:34:19 - main_pipeline.sensor:  Initializing sensors
INFO: 13:34:19 - sensor_interfaces.abakus_interface:  Initializing Abakus
INFO: 13:34:19 - sensor_interfaces.abakus_interface:  Abakus measurements started
INFO: 13:34:19 - sensor_interfaces.abakus_interface:  Initialization attempt 1/10
INFO: 13:34:20 - sensor_interfaces.abakus_interface:  Initialization attempt 2/10
INFO: 13:34:20 - sensor_interfaces.abakus_interface:  Initialization attempt 3/10
INFO: 13:34:20 - sensor_interfaces.abakus_interface:  Abakus initialized
INFO: 13:34:20 - sensor_interfaces.picarro_interface:  Initialization attempt 1/10
INFO: 13:34:20 - sensor_interfaces.picarro_interface:  Picarro queried
INFO: 13:34:20 - sensor_interfaces.picarro_interface:  Picarro initialized
INFO: 13:34:20 - sensor_interfaces.picarro_interface:  Initialization attempt 1/10
INFO: 13:34:20 - sensor_interfaces.picarro_interface:  Picarro queried
INFO: 13:34:20 - sensor_interfaces.picarro_interface:  Picarro initialized
INFO: 13:34:20 - sensor_interfaces.laser_interface:  Dimetix laser turned on
INFO: 13:34:20 - sensor_interfaces.laser_interface:  Laser distance initialization attempt 1/10
INFO: 13:34:21 - sensor_interfaces.laser_interface:  Laser distance initialized
INFO: 13:34:21 - sensor_interfaces.laser_interface:  Laser temperature initialization attempt 1/10
INFO: 13:34:21 - sensor_interfaces.laser_interface:  Laser temperature initialized
INFO: 13:34:21 - sensor_interfaces.sim_instruments:  Initializing Bronkhorst
INFO: 13:34:21 - sensor_interfaces.sim_instruments:  Bronkhorst initialized
INFO: 13:34:21 - sensor_interfaces.sim_instruments:  Initializing Melthead
INFO: 13:34:21 - sensor_interfaces.sim_instruments:  Melthead initialized
INFO: 13:34:21 - sensor_interfaces.flowmeter_interface:  Flowmeter measurements started
INFO: 13:34:21 - sensor_interfaces.flowmeter_interface:  Initialization attempt 1/10
INFO: 13:34:24 - sensor_interfaces.flowmeter_interface:  Initialization attempt 2/10
INFO: 13:34:24 - sensor_interfaces.flowmeter_interface:  Flowmeter sli2000 initialized
INFO: 13:34:24 - sensor_interfaces.flowmeter_interface:  Flowmeter measurements started
INFO: 13:34:24 - sensor_interfaces.flowmeter_interface:  Initialization attempt 1/10
INFO: 13:34:27 - sensor_interfaces.flowmeter_interface:  Initialization attempt 2/10
INFO: 13:34:27 - sensor_interfaces.flowmeter_interface:  Flowmeter sls1500 initialized
INFO: 13:34:27 - main_pipeline.sensor:  Finished initializing sensors
INFO: 13:34:32 - main_pipeline.sensor:  Shutting down sensors
INFO: 13:34:32 - sensor_interfaces.abakus_interface:  Abakus measurements stopped
INFO: 13:34:32 - sensor_interfaces.laser_interface:  Dimetix laser turned off
INFO: 13:34:32 - main_pipeline.sensor:  Finished shutting down sensors
INFO: 13:34:39 - main_pipeline.sensor:  Shutting down sensors
INFO: 13:34:39 - sensor_interfaces.abakus_interface:  Abakus measurements stopped
INFO: 13:34:39 - sensor_interfaces.laser_interface:  Dimetix laser turned off
INFO: 13:34:39 - main_pipeline.sensor:  Finished shutting down sensors
INFO: 13:34:54 - main_pipeline.sensor:  Successfully connected to port COM8, using real Picarro Gas hardware
INFO: 13:34:54 - main_pipeline.sensor:  Successfully connected to port COM7, using real Picarro Water hardware
INFO: 13:34:55 - main_pipeline.sensor:  Successfully connected to port COM4, using real Abakus hardware
INFO: 13:34:55 - main_pipeline.sensor:  Successfully connected to port COM3 and COM5, using real Flowmeter hardware
INFO: 13:34:55 - main_pipeline.sensor:  Successfully connected to port COM6, using real Dimetix hardware
WARNING: 13:34:55 - main_pipeline.sensor:  Couldn't find Bronkhorst at port COM9, shadowing sensor calls with substitute functions
WARNING: 13:34:55 - main_pipeline.sensor:  Couldn't find Melthead at port COM9, shadowing sensor calls with substitute functions
INFO: 13:34:55 - sensor_interfaces.abakus_interface:  Connected to serial port COM4 with baud 38400
INFO: 13:34:55 - sensor_interfaces.flowmeter_interface:  Connected to serial port COM3 with baud 115200
INFO: 13:34:55 - sensor_interfaces.flowmeter_interface:  Connected to serial port COM5 with baud 115200
INFO: 13:34:55 - sensor_interfaces.laser_interface:  Connected to serial port COM6 with baud 19200
INFO: 13:34:55 - sensor_interfaces.picarro_interface:  Connected to serial port COM8 with baud 19200
INFO: 13:34:55 - sensor_interfaces.picarro_interface:  Connected to serial port COM7 with baud 19200
INFO: 13:34:55 - sensor_interfaces.sim_instruments:  Fake hardware, pretending to use serial port COM9 with baud 38400
INFO: 13:34:55 - main_pipeline.sensor:  Sensor class initiated
INFO: 13:34:55 - main_pipeline.interpreter:  Interpreter class initiated
INFO: 13:34:55 - main_pipeline.writer:  Display class initiated
INFO: 13:34:55 - __main__:  No control inputs for the Picarro Gas
INFO: 13:34:55 - __main__:  No control inputs for the Picarro Water
INFO: 13:34:55 - __main__:  No control inputs for the Laser Distance Sensor
INFO: 13:34:55 - __main__:  No control inputs for the Abakus Particle Counter
INFO: 13:34:55 - __main__:  No control inputs for the Flowmeter
INFO: 13:36:13 - main_pipeline.sensor:  Successfully connected to port COM8, using real Picarro Gas hardware
INFO: 13:36:13 - main_pipeline.sensor:  Successfully connected to port COM7, using real Picarro Water hardware
INFO: 13:36:14 - main_pipeline.sensor:  Successfully connected to port COM4, using real Abakus hardware
INFO: 13:36:14 - main_pipeline.sensor:  Successfully connected to port COM3 and COM5, using real Flowmeter hardware
INFO: 13:36:14 - main_pipeline.sensor:  Successfully connected to port COM6, using real Dimetix hardware
WARNING: 13:36:14 - main_pipeline.sensor:  Couldn't find Bronkhorst at port COM9, shadowing sensor calls with substitute functions
WARNING: 13:36:14 - main_pipeline.sensor:  Couldn't find Melthead at port COM9, shadowing sensor calls with substitute functions
INFO: 13:36:14 - sensor_interfaces.abakus_interface:  Connected to serial port COM4 with baud 38400
INFO: 13:36:14 - sensor_interfaces.flowmeter_interface:  Connected to serial port COM3 with baud 115200
INFO: 13:36:14 - sensor_interfaces.flowmeter_interface:  Connected to serial port COM5 with baud 115200
INFO: 13:36:14 - sensor_interfaces.laser_interface:  Connected to serial port COM6 with baud 19200
INFO: 13:36:14 - sensor_interfaces.picarro_interface:  Connected to serial port COM8 with baud 19200
INFO: 13:36:14 - sensor_interfaces.picarro_interface:  Connected to serial port COM7 with baud 19200
INFO: 13:36:14 - sensor_interfaces.sim_instruments:  Fake hardware, pretending to use serial port COM9 with baud 38400
INFO: 13:36:14 - main_pipeline.sensor:  Sensor class initiated
INFO: 13:36:14 - main_pipeline.interpreter:  Interpreter class initiated
INFO: 13:36:14 - main_pipeline.writer:  Display class initiated
INFO: 13:36:14 - __main__:  No control inputs for the Picarro Gas
INFO: 13:36:14 - __main__:  No control inputs for the Picarro Water
INFO: 13:36:14 - __main__:  No control inputs for the Laser Distance Sensor
INFO: 13:36:14 - __main__:  No control inputs for the Abakus Particle Counter
INFO: 13:36:14 - __main__:  No control inputs for the Flowmeter
INFO: 13:37:17 - main_pipeline.sensor:  Successfully connected to port COM8, using real Picarro Gas hardware
INFO: 13:37:17 - main_pipeline.sensor:  Successfully connected to port COM7, using real Picarro Water hardware
INFO: 13:37:18 - main_pipeline.sensor:  Successfully connected to port COM4, using real Abakus hardware
INFO: 13:37:18 - main_pipeline.sensor:  Successfully connected to port COM3 and COM5, using real Flowmeter hardware
INFO: 13:37:18 - main_pipeline.sensor:  Successfully connected to port COM6, using real Dimetix hardware
WARNING: 13:37:18 - main_pipeline.sensor:  Couldn't find Bronkhorst at port COM9, shadowing sensor calls with substitute functions
WARNING: 13:37:18 - main_pipeline.sensor:  Couldn't find Melthead at port COM9, shadowing sensor calls with substitute functions
INFO: 13:37:18 - sensor_interfaces.abakus_interface:  Connected to serial port COM4 with baud 38400
INFO: 13:37:18 - sensor_interfaces.flowmeter_interface:  Connected to serial port COM3 with baud 115200
INFO: 13:37:18 - sensor_interfaces.flowmeter_interface:  Connected to serial port COM5 with baud 115200
INFO: 13:37:18 - sensor_interfaces.laser_interface:  Connected to serial port COM6 with baud 19200
INFO: 13:37:18 - sensor_interfaces.picarro_interface:  Connected to serial port COM8 with baud 19200
INFO: 13:37:18 - sensor_interfaces.picarro_interface:  Connected to serial port COM7 with baud 19200
INFO: 13:37:18 - sensor_interfaces.sim_instruments:  Fake hardware, pretending to use serial port COM9 with baud 38400
INFO: 13:37:18 - main_pipeline.sensor:  Sensor class initiated
INFO: 13:37:18 - main_pipeline.interpreter:  Interpreter class initiated
INFO: 13:37:18 - main_pipeline.writer:  Display class initiated
INFO: 13:37:18 - __main__:  No control inputs for the Picarro Gas
INFO: 13:37:18 - __main__:  No control inputs for the Picarro Water
INFO: 13:37:18 - __main__:  No control inputs for the Laser Distance Sensor
INFO: 13:37:18 - __main__:  No control inputs for the Abakus Particle Counter
INFO: 13:37:18 - __main__:  No control inputs for the Flowmeter
INFO: 13:37:34 - main_pipeline.sensor:  Shutting down sensors
INFO: 13:37:34 - sensor_interfaces.abakus_interface:  Abakus measurements stopped
INFO: 13:37:34 - sensor_interfaces.laser_interface:  Dimetix laser turned off
INFO: 13:37:34 - main_pipeline.sensor:  Finished shutting down sensors
INFO: 13:38:57 - main_pipeline.sensor:  Successfully connected to port COM8, using real Picarro Gas hardware
INFO: 13:38:57 - main_pipeline.sensor:  Successfully connected to port COM7, using real Picarro Water hardware
INFO: 13:38:57 - main_pipeline.sensor:  Successfully connected to port COM4, using real Abakus hardware
INFO: 13:38:58 - main_pipeline.sensor:  Successfully connected to port COM3 and COM5, using real Flowmeter hardware
INFO: 13:39:03 - main_pipeline.sensor:  Successfully connected to port COM6, using real Dimetix hardware
WARNING: 13:39:03 - main_pipeline.sensor:  Couldn't find Bronkhorst at port COM9, shadowing sensor calls with substitute functions
WARNING: 13:39:03 - main_pipeline.sensor:  Couldn't find Melthead at port COM9, shadowing sensor calls with substitute functions
INFO: 13:39:03 - sensor_interfaces.abakus_interface:  Connected to serial port COM4 with baud 38400
INFO: 13:39:03 - sensor_interfaces.flowmeter_interface:  Connected to serial port COM3 with baud 115200
INFO: 13:39:03 - sensor_interfaces.flowmeter_interface:  Connected to serial port COM5 with baud 115200
INFO: 13:39:08 - sensor_interfaces.laser_interface:  Connected to serial port COM6 with baud 19200
INFO: 13:39:08 - sensor_interfaces.picarro_interface:  Connected to serial port COM8 with baud 19200
INFO: 13:39:08 - sensor_interfaces.picarro_interface:  Connected to serial port COM7 with baud 19200
INFO: 13:39:08 - sensor_interfaces.sim_instruments:  Fake hardware, pretending to use serial port COM9 with baud 38400
INFO: 13:39:08 - main_pipeline.sensor:  Sensor class initiated
INFO: 13:39:08 - main_pipeline.interpreter:  Interpreter class initiated
INFO: 13:39:08 - main_pipeline.writer:  Display class initiated
INFO: 13:39:08 - __main__:  No control inputs for the Picarro Gas
INFO: 13:39:08 - __main__:  No control inputs for the Picarro Water
INFO: 13:39:08 - __main__:  No control inputs for the Laser Distance Sensor
INFO: 13:39:08 - __main__:  No control inputs for the Abakus Particle Counter
INFO: 13:39:08 - __main__:  No control inputs for the Flowmeter
INFO: 13:39:27 - main_pipeline.sensor:  Successfully connected to port COM8, using real Picarro Gas hardware
INFO: 13:39:28 - main_pipeline.sensor:  Successfully connected to port COM7, using real Picarro Water hardware
INFO: 13:39:28 - main_pipeline.sensor:  Successfully connected to port COM4, using real Abakus hardware
INFO: 13:39:28 - main_pipeline.sensor:  Successfully connected to port COM3 and COM5, using real Flowmeter hardware
INFO: 13:39:38 - main_pipeline.sensor:  Successfully connected to port COM6, using real Dimetix hardware
WARNING: 13:39:38 - main_pipeline.sensor:  Couldn't find Bronkhorst at port COM9, shadowing sensor calls with substitute functions
WARNING: 13:39:38 - main_pipeline.sensor:  Couldn't find Melthead at port COM9, shadowing sensor calls with substitute functions
INFO: 13:39:38 - sensor_interfaces.abakus_interface:  Connected to serial port COM4 with baud 38400
INFO: 13:39:38 - sensor_interfaces.flowmeter_interface:  Connected to serial port COM3 with baud 115200
INFO: 13:39:38 - sensor_interfaces.flowmeter_interface:  Connected to serial port COM5 with baud 115200
INFO: 13:39:43 - sensor_interfaces.laser_interface:  Connected to serial port COM6 with baud 19200
INFO: 13:39:43 - sensor_interfaces.picarro_interface:  Connected to serial port COM8 with baud 19200
INFO: 13:39:43 - sensor_interfaces.picarro_interface:  Connected to serial port COM7 with baud 19200
INFO: 13:39:43 - sensor_interfaces.sim_instruments:  Fake hardware, pretending to use serial port COM9 with baud 38400
INFO: 13:39:43 - main_pipeline.sensor:  Sensor class initiated
INFO: 13:39:43 - main_pipeline.interpreter:  Interpreter class initiated
INFO: 13:39:43 - main_pipeline.writer:  Display class initiated
INFO: 13:39:43 - __main__:  No control inputs for the Picarro Gas
INFO: 13:39:43 - __main__:  No control inputs for the Picarro Water
INFO: 13:39:43 - __main__:  No control inputs for the Laser Distance Sensor
INFO: 13:39:43 - __main__:  No control inputs for the Abakus Particle Counter
INFO: 13:39:43 - __main__:  No control inputs for the Flowmeter
INFO: 13:40:05 - main_pipeline.sensor:  Successfully connected to port COM8, using real Picarro Gas hardware
INFO: 13:40:05 - main_pipeline.sensor:  Successfully connected to port COM7, using real Picarro Water hardware
INFO: 13:40:05 - main_pipeline.sensor:  Successfully connected to port COM4, using real Abakus hardware
INFO: 13:40:05 - main_pipeline.sensor:  Successfully connected to port COM3 and COM5, using real Flowmeter hardware
INFO: 13:40:15 - main_pipeline.sensor:  Successfully connected to port COM6, using real Dimetix hardware
WARNING: 13:40:15 - main_pipeline.sensor:  Couldn't find Bronkhorst at port COM9, shadowing sensor calls with substitute functions
WARNING: 13:40:15 - main_pipeline.sensor:  Couldn't find Melthead at port COM9, shadowing sensor calls with substitute functions
INFO: 13:40:15 - sensor_interfaces.abakus_interface:  Connected to serial port COM4 with baud 38400
INFO: 13:40:15 - sensor_interfaces.flowmeter_interface:  Connected to serial port COM3 with baud 115200
INFO: 13:40:15 - sensor_interfaces.flowmeter_interface:  Connected to serial port COM5 with baud 115200
INFO: 13:40:20 - sensor_interfaces.laser_interface:  Connected to serial port COM6 with baud 19200
INFO: 13:40:20 - sensor_interfaces.picarro_interface:  Connected to serial port COM8 with baud 19200
INFO: 13:40:20 - sensor_interfaces.picarro_interface:  Connected to serial port COM7 with baud 19200
INFO: 13:40:20 - sensor_interfaces.sim_instruments:  Fake hardware, pretending to use serial port COM9 with baud 38400
INFO: 13:40:20 - main_pipeline.sensor:  Sensor class initiated
INFO: 13:40:20 - main_pipeline.interpreter:  Interpreter class initiated
INFO: 13:40:20 - main_pipeline.writer:  Display class initiated
INFO: 13:40:20 - __main__:  No control inputs for the Picarro Gas
INFO: 13:40:20 - __main__:  No control inputs for the Picarro Water
INFO: 13:40:20 - __main__:  No control inputs for the Laser Distance Sensor
INFO: 13:40:20 - __main__:  No control inputs for the Abakus Particle Counter
INFO: 13:40:20 - __main__:  No control inputs for the Flowmeter
INFO: 13:40:43 - main_pipeline.sensor:  Successfully connected to port COM8, using real Picarro Gas hardware
INFO: 13:40:43 - main_pipeline.sensor:  Successfully connected to port COM7, using real Picarro Water hardware
INFO: 13:40:44 - main_pipeline.sensor:  Successfully connected to port COM4, using real Abakus hardware
INFO: 13:40:44 - main_pipeline.sensor:  Successfully connected to port COM3 and COM5, using real Flowmeter hardware
INFO: 13:40:54 - main_pipeline.sensor:  Successfully connected to port COM6, using real Dimetix hardware
WARNING: 13:40:54 - main_pipeline.sensor:  Couldn't find Bronkhorst at port COM9, shadowing sensor calls with substitute functions
WARNING: 13:40:54 - main_pipeline.sensor:  Couldn't find Melthead at port COM9, shadowing sensor calls with substitute functions
INFO: 13:40:54 - sensor_interfaces.abakus_interface:  Connected to serial port COM4 with baud 38400
INFO: 13:40:54 - sensor_interfaces.flowmeter_interface:  Connected to serial port COM3 with baud 115200
INFO: 13:40:54 - sensor_interfaces.flowmeter_interface:  Connected to serial port COM5 with baud 115200
INFO: 13:40:59 - sensor_interfaces.laser_interface:  Connected to serial port COM6 with baud 19200
INFO: 13:40:59 - sensor_interfaces.picarro_interface:  Connected to serial port COM8 with baud 19200
INFO: 13:40:59 - sensor_interfaces.picarro_interface:  Connected to serial port COM7 with baud 19200
INFO: 13:40:59 - sensor_interfaces.sim_instruments:  Fake hardware, pretending to use serial port COM9 with baud 38400
INFO: 13:40:59 - main_pipeline.sensor:  Sensor class initiated
INFO: 13:40:59 - main_pipeline.interpreter:  Interpreter class initiated
INFO: 13:40:59 - main_pipeline.writer:  Display class initiated
INFO: 13:40:59 - __main__:  No control inputs for the Picarro Gas
INFO: 13:40:59 - __main__:  No control inputs for the Picarro Water
INFO: 13:40:59 - __main__:  No control inputs for the Laser Distance Sensor
INFO: 13:40:59 - __main__:  No control inputs for the Abakus Particle Counter
INFO: 13:40:59 - __main__:  No control inputs for the Flowmeter
INFO: 13:42:23 - main_pipeline.sensor:  Shutting down sensors
INFO: 13:42:23 - sensor_interfaces.abakus_interface:  Abakus measurements stopped
INFO: 14:44:12 - main_pipeline.sensor:  Couldn't find Picarro at port COM8, shadowing sensor calls with substitute functions
INFO: 14:44:12 - main_pipeline.sensor:  Couldn't find Picarro at port COM7, shadowing sensor calls with substitute functions
INFO: 14:44:12 - main_pipeline.sensor:  Successfully connected to port COM4, using real Abakus hardware
WARNING: 14:44:12 - main_pipeline.sensor:  Couldn't find Flowmeter at port COM3 and COM5, shadowing sensor calls with substitute functions
WARNING: 14:44:12 - main_pipeline.sensor:  Couldn't find Dimetix laser at port COM6, shadowing sensor calls with substitute functions
WARNING: 14:44:12 - main_pipeline.sensor:  Couldn't find Bronkhorst at port COM9, shadowing sensor calls with substitute functions
WARNING: 14:44:12 - main_pipeline.sensor:  Couldn't find Melthead at port COM9, shadowing sensor calls with substitute functions
INFO: 14:44:12 - sensor_interfaces.abakus_interface:  Connected to serial port COM4 with baud 38400
INFO: 14:44:12 - sensor_interfaces.sim_instruments:  Fake hardware, pretending to use serial port COM3 with baud 115200
INFO: 14:44:12 - sensor_interfaces.sim_instruments:  Fake hardware, pretending to use serial port COM5 with baud 115200
INFO: 14:44:12 - sensor_interfaces.sim_instruments:  Fake hardware, pretending to use serial port COM6 with baud 19200
INFO: 14:44:12 - sensor_interfaces.sim_instruments:  Fake hardware, pretending to use serial port COM8 with baud 19200
INFO: 14:44:12 - sensor_interfaces.sim_instruments:  Fake hardware, pretending to use serial port COM7 with baud 19200
INFO: 14:44:12 - sensor_interfaces.sim_instruments:  Fake hardware, pretending to use serial port COM9 with baud 38400
INFO: 14:44:12 - main_pipeline.sensor:  Sensor class initiated
INFO: 14:44:12 - main_pipeline.interpreter:  Interpreter class initiated
INFO: 14:44:12 - main_pipeline.writer:  Display class initiated
INFO: 14:44:12 - __main__:  No control inputs for the Picarro Gas
INFO: 14:44:12 - __main__:  No control inputs for the Picarro Water
INFO: 14:44:12 - __main__:  No control inputs for the Laser Distance Sensor
INFO: 14:44:12 - __main__:  No control inputs for the Abakus Particle Counter
INFO: 14:44:12 - __main__:  No control inputs for the Flowmeter
INFO: 14:44:17 - main_pipeline.sensor:  Initializing sensors
INFO: 14:44:17 - sensor_interfaces.abakus_interface:  Initializing Abakus
INFO: 14:44:17 - sensor_interfaces.abakus_interface:  Abakus measurements started
INFO: 14:44:17 - sensor_interfaces.abakus_interface:  Initialization attempt 1/10
INFO: 14:44:18 - sensor_interfaces.abakus_interface:  Initialization attempt 2/10
INFO: 14:44:18 - sensor_interfaces.abakus_interface:  Initialization attempt 3/10
INFO: 14:44:18 - sensor_interfaces.abakus_interface:  Abakus initialized
INFO: 14:44:18 - sensor_interfaces.sim_instruments:  Initializing Picarro
INFO: 14:44:18 - sensor_interfaces.sim_instruments:  Initialized Picarro
INFO: 14:44:18 - sensor_interfaces.sim_instruments:  Initializing Picarro
INFO: 14:44:18 - sensor_interfaces.sim_instruments:  Initialized Picarro
INFO: 14:44:18 - sensor_interfaces.sim_instruments:  Initializing Dimetix laser
INFO: 14:44:18 - sensor_interfaces.sim_instruments:  Laser initialized
INFO: 14:44:18 - sensor_interfaces.sim_instruments:  Initializing Bronkhorst
INFO: 14:44:18 - sensor_interfaces.sim_instruments:  Bronkhorst initialized
INFO: 14:44:18 - sensor_interfaces.sim_instruments:  Initializing Melthead
INFO: 14:44:18 - sensor_interfaces.sim_instruments:  Melthead initialized
INFO: 14:44:18 - sensor_interfaces.sim_instruments:  Initializing Flowmeter
INFO: 14:44:18 - sensor_interfaces.sim_instruments:  Flowmeter sli2000 initialized
INFO: 14:44:18 - sensor_interfaces.sim_instruments:  Initializing Flowmeter
INFO: 14:44:18 - sensor_interfaces.sim_instruments:  Flowmeter sls1500 initialized
INFO: 14:44:18 - main_pipeline.sensor:  Finished initializing sensors
INFO: 14:44:24 - main_pipeline.sensor:  Shutting down sensors
INFO: 14:44:24 - sensor_interfaces.abakus_interface:  Abakus measurements stopped
INFO: 14:44:24 - sensor_interfaces.sim_instruments:  Dimetix laser turned off
INFO: 14:44:24 - main_pipeline.sensor:  Finished shutting down sensors
INFO: 14:44:27 - main_pipeline.sensor:  Shutting down sensors
INFO: 14:44:27 - sensor_interfaces.abakus_interface:  Abakus measurements stopped
INFO: 14:44:27 - sensor_interfaces.sim_instruments:  Dimetix laser turned off
INFO: 14:44:27 - main_pipeline.sensor:  Finished shutting down sensors
INFO: 14:44:49 - main_pipeline.sensor:  Couldn't find Picarro at port COM8, shadowing sensor calls with substitute functions
INFO: 14:44:49 - main_pipeline.sensor:  Couldn't find Picarro at port COM7, shadowing sensor calls with substitute functions
INFO: 14:44:49 - main_pipeline.sensor:  Successfully connected to port COM4, using real Abakus hardware
WARNING: 14:44:49 - main_pipeline.sensor:  Couldn't find Flowmeter at port COM3 and COM5, shadowing sensor calls with substitute functions
WARNING: 14:44:49 - main_pipeline.sensor:  Couldn't find Dimetix laser at port COM6, shadowing sensor calls with substitute functions
WARNING: 14:44:49 - main_pipeline.sensor:  Couldn't find Bronkhorst at port COM9, shadowing sensor calls with substitute functions
WARNING: 14:44:49 - main_pipeline.sensor:  Couldn't find Melthead at port COM9, shadowing sensor calls with substitute functions
INFO: 14:44:49 - sensor_interfaces.abakus_interface:  Connected to serial port COM4 with baud 38400
INFO: 14:44:49 - sensor_interfaces.sim_instruments:  Fake hardware, pretending to use serial port COM3 with baud 115200
INFO: 14:44:49 - sensor_interfaces.sim_instruments:  Fake hardware, pretending to use serial port COM5 with baud 115200
INFO: 14:44:49 - sensor_interfaces.sim_instruments:  Fake hardware, pretending to use serial port COM6 with baud 19200
INFO: 14:44:49 - sensor_interfaces.sim_instruments:  Fake hardware, pretending to use serial port COM8 with baud 19200
INFO: 14:44:49 - sensor_interfaces.sim_instruments:  Fake hardware, pretending to use serial port COM7 with baud 19200
INFO: 14:44:49 - sensor_interfaces.sim_instruments:  Fake hardware, pretending to use serial port COM9 with baud 38400
INFO: 14:44:49 - main_pipeline.sensor:  Sensor class initiated
INFO: 14:44:49 - main_pipeline.interpreter:  Interpreter class initiated
INFO: 14:44:49 - main_pipeline.writer:  Display class initiated
INFO: 14:44:49 - __main__:  No control inputs for the Picarro Gas
INFO: 14:44:49 - __main__:  No control inputs for the Picarro Water
INFO: 14:44:49 - __main__:  No control inputs for the Laser Distance Sensor
INFO: 14:44:49 - __main__:  No control inputs for the Abakus Particle Counter
INFO: 14:44:49 - __main__:  No control inputs for the Flowmeter
INFO: 14:44:52 - main_pipeline.sensor:  Initializing sensors
INFO: 14:44:52 - sensor_interfaces.abakus_interface:  Initializing Abakus
INFO: 14:44:52 - sensor_interfaces.abakus_interface:  Abakus measurements started
INFO: 14:44:52 - sensor_interfaces.abakus_interface:  Initialization attempt 1/10
INFO: 14:44:53 - sensor_interfaces.abakus_interface:  Initialization attempt 2/10
INFO: 14:44:53 - sensor_interfaces.abakus_interface:  Initialization attempt 3/10
INFO: 14:44:53 - sensor_interfaces.abakus_interface:  Abakus initialized
INFO: 14:44:53 - sensor_interfaces.sim_instruments:  Initializing Picarro
INFO: 14:44:53 - sensor_interfaces.sim_instruments:  Initialized Picarro
INFO: 14:44:53 - sensor_interfaces.sim_instruments:  Initializing Picarro
INFO: 14:44:53 - sensor_interfaces.sim_instruments:  Initialized Picarro
INFO: 14:44:53 - sensor_interfaces.sim_instruments:  Initializing Dimetix laser
INFO: 14:44:53 - sensor_interfaces.sim_instruments:  Laser initialized
INFO: 14:44:53 - sensor_interfaces.sim_instruments:  Initializing Bronkhorst
INFO: 14:44:53 - sensor_interfaces.sim_instruments:  Bronkhorst initialized
INFO: 14:44:53 - sensor_interfaces.sim_instruments:  Initializing Melthead
INFO: 14:44:53 - sensor_interfaces.sim_instruments:  Melthead initialized
INFO: 14:44:53 - sensor_interfaces.sim_instruments:  Initializing Flowmeter
INFO: 14:44:53 - sensor_interfaces.sim_instruments:  Flowmeter sli2000 initialized
INFO: 14:44:53 - sensor_interfaces.sim_instruments:  Initializing Flowmeter
INFO: 14:44:53 - sensor_interfaces.sim_instruments:  Flowmeter sls1500 initialized
INFO: 14:44:53 - main_pipeline.sensor:  Finished initializing sensors
INFO: 14:44:55 - main_pipeline.sensor:  Shutting down sensors
INFO: 14:44:55 - sensor_interfaces.abakus_interface:  Abakus measurements stopped
INFO: 14:44:55 - sensor_interfaces.sim_instruments:  Dimetix laser turned off
INFO: 14:44:55 - main_pipeline.sensor:  Finished shutting down sensors
INFO: 14:44:59 - main_pipeline.sensor:  Shutting down sensors
INFO: 14:44:59 - sensor_interfaces.abakus_interface:  Abakus measurements stopped
INFO: 14:44:59 - sensor_interfaces.sim_instruments:  Dimetix laser turned off
INFO: 14:44:59 - main_pipeline.sensor:  Finished shutting down sensors
