INFO: 09:43:42 - __main__:  Connected to serial port COM11 with baud 38400
INFO: 09:43:50 - __main__:  Initializing Melthead
INFO: 09:44:18 - __main__:  Connected to serial port COM11 with baud 38400
INFO: 09:44:21 - __main__:  Initializing Melthead
INFO: 09:44:21 - __main__:  Melthead initialized
INFO: 09:54:03 - __main__:  Set setpoint to 0.0 degC
INFO: 09:55:47 - main_pipeline.sensor:  Successfully connected to port COM8, using real Picarro Gas hardware
INFO: 09:55:47 - main_pipeline.sensor:  Successfully connected to port COM7, using real Picarro Water hardware
INFO: 09:55:48 - main_pipeline.sensor:  Successfully connected to port COM4, using real Abakus hardware
INFO: 09:55:48 - main_pipeline.sensor:  Successfully connected to port COM3 and COM5, using real Flowmeter hardware
INFO: 09:55:48 - main_pipeline.sensor:  Successfully connected to port COM6, using real Dimetix hardware
WARNING: 09:55:48 - main_pipeline.sensor:  Couldn't find Bronkhorst at port COM9, shadowing sensor calls with substitute functions
INFO: 09:55:48 - main_pipeline.sensor:  Successfully connected to port COM11, using real Melthead hardware
INFO: 09:55:48 - sensor_interfaces.abakus_interface:  Connected to serial port COM4 with baud 38400
INFO: 09:55:48 - sensor_interfaces.flowmeter_interface:  Connected to serial port COM3 with baud 115200
INFO: 09:55:48 - sensor_interfaces.flowmeter_interface:  Connected to serial port COM5 with baud 115200
INFO: 09:55:48 - sensor_interfaces.laser_interface:  Connected to serial port COM6 with baud 19200
INFO: 09:55:48 - sensor_interfaces.picarro_interface:  Connected to serial port COM8 with baud 19200
INFO: 09:55:48 - sensor_interfaces.picarro_interface:  Connected to serial port COM7 with baud 19200
INFO: 09:55:48 - sensor_interfaces.sim_instruments:  Fake hardware, pretending to use serial port COM9 with baud 38400
INFO: 09:55:48 - sensor_interfaces.melthead_interface:  Connected to serial port COM11 with baud 38400
INFO: 09:55:49 - main_pipeline.sensor:  Sensor class initiated, running from source
INFO: 09:55:49 - main_pipeline.interpreter:  Interpreter class initiated, running from source
INFO: 09:55:49 - main_pipeline.writer:  Writer class initiated, running from source
INFO: 09:55:49 - __main__:  No control inputs for the Picarro Gas
INFO: 09:55:49 - __main__:  No control inputs for the Picarro Water
INFO: 09:55:49 - __main__:  No control inputs for the Laser Distance Sensor
INFO: 09:55:49 - __main__:  No control inputs for the Abakus Particle Counter
INFO: 09:55:49 - __main__:  No control inputs for the Flowmeter
INFO: 09:55:56 - main_pipeline.sensor:  Initializing sensors
INFO: 09:55:56 - sensor_interfaces.abakus_interface:  Initializing Abakus
INFO: 09:55:56 - sensor_interfaces.abakus_interface:  Abakus measurements started
INFO: 09:55:56 - sensor_interfaces.abakus_interface:  Initialization attempt 1/10
INFO: 09:55:57 - sensor_interfaces.abakus_interface:  Initialization attempt 2/10
INFO: 09:55:57 - sensor_interfaces.abakus_interface:  Initialization attempt 3/10
INFO: 09:55:57 - sensor_interfaces.abakus_interface:  Abakus initialized
INFO: 09:55:57 - sensor_interfaces.picarro_interface:  Initialization attempt 1/10
INFO: 09:55:57 - sensor_interfaces.picarro_interface:  Initialization attempt 2/10
INFO: 09:55:58 - sensor_interfaces.picarro_interface:  Initialization attempt 3/10
INFO: 09:55:58 - sensor_interfaces.picarro_interface:  Initialization attempt 4/10
INFO: 09:55:59 - sensor_interfaces.picarro_interface:  Initialization attempt 5/10
INFO: 09:55:59 - sensor_interfaces.picarro_interface:  Initialization attempt 6/10
INFO: 09:56:00 - sensor_interfaces.picarro_interface:  Initialization attempt 7/10
INFO: 09:56:00 - sensor_interfaces.picarro_interface:  Initialization attempt 8/10
INFO: 09:56:01 - sensor_interfaces.picarro_interface:  Initialization attempt 9/10
INFO: 09:56:01 - sensor_interfaces.picarro_interface:  Initialization attempt 10/10
INFO: 09:56:02 - sensor_interfaces.picarro_interface:  Picarro initialization failed after 10 attempts
INFO: 09:56:02 - sensor_interfaces.picarro_interface:  Initialization attempt 1/10
INFO: 09:56:02 - sensor_interfaces.picarro_interface:  Initialization attempt 2/10
INFO: 09:56:02 - sensor_interfaces.picarro_interface:  Initialization attempt 3/10
INFO: 09:56:02 - sensor_interfaces.picarro_interface:  Initialization attempt 4/10
INFO: 09:56:02 - sensor_interfaces.picarro_interface:  Initialization attempt 5/10
INFO: 09:56:02 - sensor_interfaces.picarro_interface:  Initialization attempt 6/10
INFO: 09:56:02 - sensor_interfaces.picarro_interface:  Initialization attempt 7/10
INFO: 09:56:02 - sensor_interfaces.picarro_interface:  Initialization attempt 8/10
INFO: 09:56:02 - sensor_interfaces.picarro_interface:  Initialization attempt 9/10
INFO: 09:56:02 - sensor_interfaces.picarro_interface:  Initialization attempt 10/10
INFO: 09:56:02 - sensor_interfaces.picarro_interface:  Picarro initialization failed after 10 attempts
WARNING: 09:56:03 - sensor_interfaces.laser_interface:  Error returned from starting Dimetix laser: b''. Check the manual for the error code
INFO: 09:56:03 - sensor_interfaces.sim_instruments:  Initializing Bronkhorst
INFO: 09:56:03 - sensor_interfaces.sim_instruments:  Bronkhorst initialized
INFO: 09:56:03 - sensor_interfaces.melthead_interface:  Initializing Melthead
INFO: 09:59:13 - main_pipeline.sensor:  Successfully connected to port COM8, using real Picarro Gas hardware
INFO: 09:59:13 - main_pipeline.sensor:  Successfully connected to port COM7, using real Picarro Water hardware
INFO: 09:59:13 - main_pipeline.sensor:  Successfully connected to port COM4, using real Abakus hardware
INFO: 09:59:14 - main_pipeline.sensor:  Successfully connected to port COM3 and COM5, using real Flowmeter hardware
INFO: 09:59:14 - main_pipeline.sensor:  Successfully connected to port COM6, using real Dimetix hardware
WARNING: 09:59:14 - main_pipeline.sensor:  Couldn't find Bronkhorst at port COM9, shadowing sensor calls with substitute functions
INFO: 09:59:14 - main_pipeline.sensor:  Successfully connected to port COM11, using real Melthead hardware
INFO: 09:59:14 - sensor_interfaces.abakus_interface:  Connected to serial port COM4 with baud 38400
INFO: 09:59:14 - sensor_interfaces.flowmeter_interface:  Connected to serial port COM3 with baud 115200
INFO: 09:59:14 - sensor_interfaces.flowmeter_interface:  Connected to serial port COM5 with baud 115200
INFO: 09:59:14 - sensor_interfaces.laser_interface:  Connected to serial port COM6 with baud 19200
INFO: 09:59:14 - sensor_interfaces.picarro_interface:  Connected to serial port COM8 with baud 19200
INFO: 09:59:14 - sensor_interfaces.picarro_interface:  Connected to serial port COM7 with baud 19200
INFO: 09:59:14 - sensor_interfaces.sim_instruments:  Fake hardware, pretending to use serial port COM9 with baud 38400
INFO: 09:59:14 - sensor_interfaces.melthead_interface:  Connected to serial port COM11 with baud 38400
INFO: 09:59:14 - main_pipeline.sensor:  Sensor class initiated, running from source
INFO: 09:59:14 - main_pipeline.interpreter:  Interpreter class initiated, running from source
INFO: 09:59:14 - main_pipeline.writer:  Writer class initiated, running from source
INFO: 09:59:14 - __main__:  No control inputs for the Picarro Gas
INFO: 09:59:14 - __main__:  No control inputs for the Picarro Water
INFO: 09:59:14 - __main__:  No control inputs for the Laser Distance Sensor
INFO: 09:59:14 - __main__:  No control inputs for the Abakus Particle Counter
INFO: 09:59:14 - __main__:  No control inputs for the Flowmeter
INFO: 09:59:18 - main_pipeline.sensor:  Initializing sensors
INFO: 09:59:18 - sensor_interfaces.abakus_interface:  Initializing Abakus
INFO: 09:59:18 - sensor_interfaces.abakus_interface:  Abakus measurements started
INFO: 09:59:18 - sensor_interfaces.abakus_interface:  Initialization attempt 1/10
INFO: 09:59:18 - sensor_interfaces.abakus_interface:  Abakus initialized
INFO: 09:59:18 - sensor_interfaces.picarro_interface:  Initialization attempt 1/10
INFO: 09:59:18 - sensor_interfaces.picarro_interface:  Initialization attempt 2/10
INFO: 09:59:19 - sensor_interfaces.picarro_interface:  Initialization attempt 3/10
INFO: 09:59:19 - sensor_interfaces.picarro_interface:  Initialization attempt 4/10
INFO: 09:59:20 - sensor_interfaces.picarro_interface:  Initialization attempt 5/10
INFO: 09:59:20 - sensor_interfaces.picarro_interface:  Initialization attempt 6/10
INFO: 09:59:21 - sensor_interfaces.picarro_interface:  Initialization attempt 7/10
INFO: 09:59:21 - sensor_interfaces.picarro_interface:  Initialization attempt 8/10
INFO: 09:59:22 - sensor_interfaces.picarro_interface:  Initialization attempt 9/10
INFO: 09:59:22 - sensor_interfaces.picarro_interface:  Initialization attempt 10/10
INFO: 09:59:23 - sensor_interfaces.picarro_interface:  Picarro initialization failed after 10 attempts
INFO: 09:59:23 - sensor_interfaces.picarro_interface:  Initialization attempt 1/10
INFO: 09:59:23 - sensor_interfaces.picarro_interface:  Initialization attempt 2/10
INFO: 09:59:23 - sensor_interfaces.picarro_interface:  Initialization attempt 3/10
INFO: 09:59:23 - sensor_interfaces.picarro_interface:  Initialization attempt 4/10
INFO: 09:59:23 - sensor_interfaces.picarro_interface:  Initialization attempt 5/10
INFO: 09:59:23 - sensor_interfaces.picarro_interface:  Initialization attempt 6/10
INFO: 09:59:23 - sensor_interfaces.picarro_interface:  Initialization attempt 7/10
INFO: 09:59:23 - sensor_interfaces.picarro_interface:  Initialization attempt 8/10
INFO: 09:59:23 - sensor_interfaces.picarro_interface:  Initialization attempt 9/10
INFO: 09:59:23 - sensor_interfaces.picarro_interface:  Initialization attempt 10/10
INFO: 09:59:24 - sensor_interfaces.picarro_interface:  Picarro initialization failed after 10 attempts
WARNING: 09:59:25 - sensor_interfaces.laser_interface:  Error returned from starting Dimetix laser: b''. Check the manual for the error code
INFO: 09:59:25 - sensor_interfaces.sim_instruments:  Initializing Bronkhorst
INFO: 09:59:25 - sensor_interfaces.sim_instruments:  Bronkhorst initialized
INFO: 09:59:25 - sensor_interfaces.melthead_interface:  Initializing Melthead
INFO: 09:59:25 - sensor_interfaces.melthead_interface:  Melthead initialized
INFO: 09:59:25 - sensor_interfaces.flowmeter_interface:  Flowmeter measurements started
INFO: 09:59:25 - sensor_interfaces.flowmeter_interface:  Initialization attempt 1/10
INFO: 09:59:28 - sensor_interfaces.flowmeter_interface:  Initialization attempt 2/10
INFO: 09:59:28 - sensor_interfaces.flowmeter_interface:  Flowmeter sli2000 initialized
INFO: 09:59:28 - sensor_interfaces.flowmeter_interface:  Flowmeter measurements started
INFO: 09:59:28 - sensor_interfaces.flowmeter_interface:  Initialization attempt 1/10
INFO: 09:59:32 - sensor_interfaces.flowmeter_interface:  Initialization attempt 2/10
INFO: 09:59:32 - sensor_interfaces.flowmeter_interface:  Flowmeter sls1500 initialized
INFO: 09:59:32 - main_pipeline.sensor:  Finished initializing sensors
INFO: 09:59:50 - sensor_interfaces.abakus_interface:  Abakus measurements stopped
INFO: 09:59:53 - sensor_interfaces.abakus_interface:  Initializing Abakus
INFO: 09:59:53 - sensor_interfaces.abakus_interface:  Abakus measurements started
INFO: 09:59:53 - sensor_interfaces.abakus_interface:  Initialization attempt 1/10
INFO: 09:59:53 - sensor_interfaces.abakus_interface:  Initialization attempt 2/10
INFO: 09:59:53 - sensor_interfaces.abakus_interface:  Initialization attempt 3/10
INFO: 09:59:53 - sensor_interfaces.abakus_interface:  Initialization attempt 4/10
INFO: 09:59:53 - sensor_interfaces.abakus_interface:  Initialization attempt 5/10
INFO: 09:59:53 - sensor_interfaces.abakus_interface:  Initialization attempt 6/10
INFO: 09:59:54 - sensor_interfaces.abakus_interface:  Abakus initialized
INFO: 10:00:30 - sensor_interfaces.melthead_interface:  Set setpoint to 15.0 degC
INFO: 10:03:38 - sensor_interfaces.melthead_interface:  Set setpoint to 0.0 degC
INFO: 10:03:50 - main_pipeline.sensor:  Shutting down sensors
INFO: 10:03:50 - sensor_interfaces.abakus_interface:  Abakus measurements stopped
WARNING: 10:03:51 - sensor_interfaces.laser_interface:  Error returned from stopping Dimetix laser: b''. Check the manual for the error code
INFO: 10:03:51 - main_pipeline.sensor:  Finished shutting down sensors
INFO: 10:03:56 - main_pipeline.sensor:  Shutting down sensors
INFO: 10:03:56 - sensor_interfaces.abakus_interface:  Abakus measurements stopped
WARNING: 10:03:57 - sensor_interfaces.laser_interface:  Error returned from stopping Dimetix laser: b''. Check the manual for the error code
INFO: 10:03:57 - main_pipeline.sensor:  Finished shutting down sensors
