INFO: 12:18:01 - __main__:  Fake hardware, pretending to use serial port COM3 with baud 38400
INFO: 12:18:21 - __main__:  Fake hardware, pretending to use serial port COM3 with baud 38400
INFO: 12:18:36 - __main__:  Fake hardware, pretending to use serial port COM3 with baud 38400
INFO: 12:22:28 - __main__:  Fake hardware, pretending to use serial port COM3 with baud 38400
INFO: 12:23:11 - __main__:  Fake hardware, pretending to use serial port COM3 with baud 38400
INFO: 12:23:34 - __main__:  Fake hardware, pretending to use serial port COM3 with baud 38400
INFO: 12:30:36 - __main__:  Fake hardware, pretending to use serial port COM3 with baud 38400
INFO: 12:30:47 - __main__:  Fake hardware, pretending to use serial port COM3 with baud 38400
INFO: 12:33:11 - __main__:  Fake hardware, pretending to use serial port COM3 with baud 38400
INFO: 12:35:46 - __main__:  Fake hardware, pretending to use serial port COM3 with baud 38400
INFO: 12:36:01 - __main__:  Fake hardware, pretending to use serial port COM3 with baud 38400
INFO: 12:37:18 - __main__:  Fake hardware, pretending to use serial port COM3 with baud 38400
INFO: 12:37:39 - __main__:  Fake hardware, pretending to use serial port COM3 with baud 38400
INFO: 12:40:18 - __main__:  Fake hardware, pretending to use serial port COM3 with baud 38400
INFO: 12:40:33 - __main__:  Fake hardware, pretending to use serial port COM3 with baud 38400
INFO: 12:43:19 - __main__:  Fake hardware, pretending to use serial port COM3 with baud 38400
INFO: 12:43:39 - __main__:  Fake hardware, pretending to use serial port COM3 with baud 38400
INFO: 12:46:29 - __main__:  Fake hardware, pretending to use serial port COM3 with baud 38400
INFO: 12:46:47 - __main__:  Fake hardware, pretending to use serial port COM3 with baud 38400
INFO: 12:47:46 - __main__:  Fake hardware, pretending to use serial port COM3 with baud 38400
INFO: 12:48:00 - __main__:  Fake hardware, pretending to use serial port COM3 with baud 38400
INFO: 12:52:21 - __main__:  Fake hardware, pretending to use serial port COM3 with baud 38400
INFO: 12:54:00 - __main__:  Fake hardware, pretending to use serial port COM3 with baud 38400
INFO: 15:40:33 - __main__:  Interpreter class initiated, running from source
INFO: 15:43:00 - __main__:  Interpreter class initiated, running from source
INFO: 15:44:14 - main_pipeline.sensor:  Couldn't find Picarro at port COM8, shadowing sensor calls with substitute functions
INFO: 15:44:14 - main_pipeline.sensor:  Couldn't find Picarro at port COM7, shadowing sensor calls with substitute functions
INFO: 15:44:14 - main_pipeline.sensor:  Successfully connected to port COM4, using real Abakus hardware
WARNING: 15:44:14 - main_pipeline.sensor:  Couldn't find Flowmeter at port COM3 and COM5, shadowing sensor calls with substitute functions
WARNING: 15:44:14 - main_pipeline.sensor:  Couldn't find Dimetix laser at port COM6, shadowing sensor calls with substitute functions
WARNING: 15:44:14 - main_pipeline.sensor:  Couldn't find Bronkhorst at port COM9, shadowing sensor calls with substitute functions
WARNING: 15:44:14 - main_pipeline.sensor:  Couldn't find Melthead at port COM9, shadowing sensor calls with substitute functions
INFO: 15:44:14 - sensor_interfaces.abakus_interface:  Connected to serial port COM4 with baud 38400
INFO: 15:44:14 - sensor_interfaces.sim_instruments:  Fake hardware, pretending to use serial port COM3 with baud 115200
INFO: 15:44:14 - sensor_interfaces.sim_instruments:  Fake hardware, pretending to use serial port COM5 with baud 115200
INFO: 15:44:14 - sensor_interfaces.sim_instruments:  Fake hardware, pretending to use serial port COM6 with baud 19200
INFO: 15:44:14 - sensor_interfaces.sim_instruments:  Fake hardware, pretending to use serial port COM8 with baud 19200
INFO: 15:44:14 - sensor_interfaces.sim_instruments:  Fake hardware, pretending to use serial port COM7 with baud 19200
INFO: 15:44:14 - sensor_interfaces.sim_instruments:  Fake hardware, pretending to use serial port COM9 with baud 38400
INFO: 15:44:14 - main_pipeline.sensor:  Sensor class initiated, running from source
INFO: 15:44:14 - main_pipeline.interpreter:  Interpreter class initiated, running from source
INFO: 15:44:14 - main_pipeline.writer:  Writer class initiated, running from source
INFO: 15:44:14 - __main__:  No control inputs for the Picarro Gas
INFO: 15:44:14 - __main__:  No control inputs for the Picarro Water
INFO: 15:44:14 - __main__:  No control inputs for the Laser Distance Sensor
INFO: 15:44:14 - __main__:  No control inputs for the Abakus Particle Counter
INFO: 15:44:14 - __main__:  No control inputs for the Flowmeter
INFO: 15:44:28 - main_pipeline.sensor:  Initializing sensors
INFO: 15:44:28 - sensor_interfaces.abakus_interface:  Initializing Abakus
INFO: 15:44:35 - main_pipeline.sensor:  Shutting down sensors
INFO: 15:44:40 - main_pipeline.sensor:  Shutting down sensors
INFO: 15:45:34 - main_pipeline.sensor:  Couldn't find Picarro at port COM9, shadowing sensor calls with substitute functions
INFO: 15:45:34 - main_pipeline.sensor:  Couldn't find Picarro at port COM9, shadowing sensor calls with substitute functions
WARNING: 15:45:34 - main_pipeline.sensor:  Couldn't find Abakus at port COM9, shadowing sensor calls with substitute functions
WARNING: 15:45:34 - main_pipeline.sensor:  Couldn't find Flowmeter at port COM9 and COM9, shadowing sensor calls with substitute functions
WARNING: 15:45:34 - main_pipeline.sensor:  Couldn't find Dimetix laser at port COM9, shadowing sensor calls with substitute functions
WARNING: 15:45:34 - main_pipeline.sensor:  Couldn't find Bronkhorst at port COM9, shadowing sensor calls with substitute functions
WARNING: 15:45:34 - main_pipeline.sensor:  Couldn't find Melthead at port COM9, shadowing sensor calls with substitute functions
INFO: 15:45:35 - sensor_interfaces.sim_instruments:  Fake hardware, pretending to use serial port COM9 with baud 38400
INFO: 15:45:35 - sensor_interfaces.sim_instruments:  Fake hardware, pretending to use serial port COM9 with baud 115200
INFO: 15:45:35 - sensor_interfaces.sim_instruments:  Fake hardware, pretending to use serial port COM9 with baud 115200
INFO: 15:45:35 - sensor_interfaces.sim_instruments:  Fake hardware, pretending to use serial port COM9 with baud 19200
INFO: 15:45:35 - sensor_interfaces.sim_instruments:  Fake hardware, pretending to use serial port COM9 with baud 19200
INFO: 15:45:35 - sensor_interfaces.sim_instruments:  Fake hardware, pretending to use serial port COM9 with baud 19200
INFO: 15:45:35 - sensor_interfaces.sim_instruments:  Fake hardware, pretending to use serial port COM9 with baud 38400
INFO: 15:45:35 - main_pipeline.sensor:  Sensor class initiated, running from source
INFO: 15:45:35 - main_pipeline.interpreter:  Interpreter class initiated, running from source
INFO: 15:45:35 - main_pipeline.writer:  Writer class initiated, running from source
INFO: 15:45:35 - __main__:  No control inputs for the Picarro Gas
INFO: 15:45:35 - __main__:  No control inputs for the Picarro Water
INFO: 15:45:35 - __main__:  No control inputs for the Laser Distance Sensor
INFO: 15:45:35 - __main__:  No control inputs for the Abakus Particle Counter
INFO: 15:45:35 - __main__:  No control inputs for the Flowmeter
INFO: 15:45:39 - main_pipeline.sensor:  Initializing sensors
INFO: 15:45:39 - sensor_interfaces.sim_instruments:  Initializing Abakus
INFO: 15:45:39 - sensor_interfaces.sim_instruments:  Abakus initialized
INFO: 15:45:39 - sensor_interfaces.sim_instruments:  Initializing Picarro
INFO: 15:45:39 - sensor_interfaces.sim_instruments:  Initialized Picarro
INFO: 15:45:39 - sensor_interfaces.sim_instruments:  Initializing Picarro
INFO: 15:45:39 - sensor_interfaces.sim_instruments:  Initialized Picarro
INFO: 15:45:39 - sensor_interfaces.sim_instruments:  Initializing Dimetix laser
INFO: 15:45:39 - sensor_interfaces.sim_instruments:  Laser initialized
INFO: 15:45:39 - sensor_interfaces.sim_instruments:  Initializing Bronkhorst
INFO: 15:45:39 - sensor_interfaces.sim_instruments:  Bronkhorst initialized
INFO: 15:45:39 - sensor_interfaces.sim_instruments:  Initializing Melthead
INFO: 15:45:39 - sensor_interfaces.sim_instruments:  Melthead initialized
INFO: 15:45:39 - sensor_interfaces.sim_instruments:  Initializing Flowmeter
INFO: 15:45:39 - sensor_interfaces.sim_instruments:  Flowmeter sli2000 initialized
INFO: 15:45:39 - sensor_interfaces.sim_instruments:  Initializing Flowmeter
INFO: 15:45:39 - sensor_interfaces.sim_instruments:  Flowmeter sls1500 initialized
INFO: 15:45:39 - main_pipeline.sensor:  Finished initializing sensors
INFO: 15:45:41 - __main__:  Started data collection
INFO: 15:45:48 - main_pipeline.sensor:  Shutting down sensors
INFO: 15:45:48 - sensor_interfaces.sim_instruments:  Abakus measurements stopped
INFO: 15:45:48 - sensor_interfaces.sim_instruments:  Dimetix laser turned off
INFO: 15:45:48 - main_pipeline.sensor:  Finished shutting down sensors
INFO: 15:45:52 - main_pipeline.sensor:  Shutting down sensors
INFO: 15:45:52 - sensor_interfaces.sim_instruments:  Abakus measurements stopped
INFO: 15:45:52 - sensor_interfaces.sim_instruments:  Dimetix laser turned off
INFO: 15:45:52 - main_pipeline.sensor:  Finished shutting down sensors
INFO: 15:46:04 - main_pipeline.sensor:  Couldn't find Picarro at port COM9, shadowing sensor calls with substitute functions
INFO: 15:46:04 - main_pipeline.sensor:  Couldn't find Picarro at port COM9, shadowing sensor calls with substitute functions
WARNING: 15:46:04 - main_pipeline.sensor:  Couldn't find Abakus at port COM9, shadowing sensor calls with substitute functions
WARNING: 15:46:04 - main_pipeline.sensor:  Couldn't find Flowmeter at port COM9 and COM9, shadowing sensor calls with substitute functions
WARNING: 15:46:04 - main_pipeline.sensor:  Couldn't find Dimetix laser at port COM9, shadowing sensor calls with substitute functions
WARNING: 15:46:04 - main_pipeline.sensor:  Couldn't find Bronkhorst at port COM9, shadowing sensor calls with substitute functions
WARNING: 15:46:04 - main_pipeline.sensor:  Couldn't find Melthead at port COM9, shadowing sensor calls with substitute functions
INFO: 15:46:04 - sensor_interfaces.sim_instruments:  Fake hardware, pretending to use serial port COM9 with baud 38400
INFO: 15:46:04 - sensor_interfaces.sim_instruments:  Fake hardware, pretending to use serial port COM9 with baud 115200
INFO: 15:46:04 - sensor_interfaces.sim_instruments:  Fake hardware, pretending to use serial port COM9 with baud 115200
INFO: 15:46:04 - sensor_interfaces.sim_instruments:  Fake hardware, pretending to use serial port COM9 with baud 19200
INFO: 15:46:04 - sensor_interfaces.sim_instruments:  Fake hardware, pretending to use serial port COM9 with baud 19200
INFO: 15:46:04 - sensor_interfaces.sim_instruments:  Fake hardware, pretending to use serial port COM9 with baud 19200
INFO: 15:46:04 - sensor_interfaces.sim_instruments:  Fake hardware, pretending to use serial port COM9 with baud 38400
INFO: 15:46:05 - main_pipeline.sensor:  Sensor class initiated, running from source
INFO: 15:46:05 - main_pipeline.interpreter:  Interpreter class initiated, running from source
INFO: 15:46:05 - main_pipeline.writer:  Writer class initiated, running from source
INFO: 15:46:05 - __main__:  No control inputs for the Picarro Gas
INFO: 15:46:05 - __main__:  No control inputs for the Picarro Water
INFO: 15:46:05 - __main__:  No control inputs for the Laser Distance Sensor
INFO: 15:46:05 - __main__:  No control inputs for the Abakus Particle Counter
INFO: 15:46:05 - __main__:  No control inputs for the Flowmeter
INFO: 15:46:13 - main_pipeline.sensor:  Initializing sensors
INFO: 15:46:13 - sensor_interfaces.sim_instruments:  Initializing Abakus
INFO: 15:46:13 - sensor_interfaces.sim_instruments:  Abakus initialized
INFO: 15:46:13 - sensor_interfaces.sim_instruments:  Initializing Picarro
INFO: 15:46:13 - sensor_interfaces.sim_instruments:  Initialized Picarro
INFO: 15:46:13 - sensor_interfaces.sim_instruments:  Initializing Picarro
INFO: 15:46:13 - sensor_interfaces.sim_instruments:  Initialized Picarro
INFO: 15:46:13 - sensor_interfaces.sim_instruments:  Initializing Dimetix laser
INFO: 15:46:13 - sensor_interfaces.sim_instruments:  Laser initialized
INFO: 15:46:13 - sensor_interfaces.sim_instruments:  Initializing Bronkhorst
INFO: 15:46:13 - sensor_interfaces.sim_instruments:  Bronkhorst initialized
INFO: 15:46:13 - sensor_interfaces.sim_instruments:  Initializing Melthead
INFO: 15:46:13 - sensor_interfaces.sim_instruments:  Melthead initialized
INFO: 15:46:13 - sensor_interfaces.sim_instruments:  Initializing Flowmeter
INFO: 15:46:13 - sensor_interfaces.sim_instruments:  Flowmeter sli2000 initialized
INFO: 15:46:13 - sensor_interfaces.sim_instruments:  Initializing Flowmeter
INFO: 15:46:13 - sensor_interfaces.sim_instruments:  Flowmeter sls1500 initialized
INFO: 15:46:13 - main_pipeline.sensor:  Finished initializing sensors
INFO: 15:46:14 - __main__:  Started data collection
INFO: 15:46:49 - __main__:  Stopped data collection
INFO: 15:46:58 - main_pipeline.sensor:  Shutting down sensors
INFO: 15:46:58 - sensor_interfaces.sim_instruments:  Abakus measurements stopped
INFO: 15:46:58 - sensor_interfaces.sim_instruments:  Dimetix laser turned off
INFO: 15:46:58 - main_pipeline.sensor:  Finished shutting down sensors
