INFO: 17:35:50 - main_pipeline.sensor:  Couldn't find Picarro at port COM8, shadowing sensor calls with substitute functions
INFO: 17:35:50 - main_pipeline.sensor:  Couldn't find Picarro at port COM7, shadowing sensor calls with substitute functions
WARNING: 17:35:50 - main_pipeline.sensor:  Couldn't find Abakus at port COM4, shadowing sensor calls with substitute functions
WARNING: 17:35:50 - main_pipeline.sensor:  Couldn't find Flowmeter at port COM3 and COM5, shadowing sensor calls with substitute functions
WARNING: 17:35:50 - main_pipeline.sensor:  Couldn't find Dimetix laser at port COM6, shadowing sensor calls with substitute functions
WARNING: 17:35:50 - main_pipeline.sensor:  Couldn't find Bronkhorst at port COM9, shadowing sensor calls with substitute functions
WARNING: 17:35:50 - main_pipeline.sensor:  Couldn't find Melthead at port COM9, shadowing sensor calls with substitute functions
INFO: 17:35:50 - sensor_interfaces.sim_instruments:  Fake hardware, pretending to use serial port COM4 with baud 38400
INFO: 17:35:50 - sensor_interfaces.sim_instruments:  Fake hardware, pretending to use serial port COM3 with baud 115200
INFO: 17:35:50 - sensor_interfaces.sim_instruments:  Fake hardware, pretending to use serial port COM5 with baud 115200
INFO: 17:35:50 - sensor_interfaces.sim_instruments:  Fake hardware, pretending to use serial port COM6 with baud 19200
INFO: 17:35:50 - sensor_interfaces.sim_instruments:  Fake hardware, pretending to use serial port COM8 with baud 19200
INFO: 17:35:50 - sensor_interfaces.sim_instruments:  Fake hardware, pretending to use serial port COM7 with baud 19200
INFO: 17:35:50 - sensor_interfaces.sim_instruments:  Fake hardware, pretending to use serial port COM9 with baud 38400
INFO: 17:35:50 - main_pipeline.sensor:  Sensor class initiated
INFO: 17:35:50 - main_pipeline.interpreter:  Interpreter class initiated
INFO: 17:35:50 - main_pipeline.writer:  Display class initiated
INFO: 17:35:50 - __main__:  No control inputs for the Picarro Gas
INFO: 17:35:50 - __main__:  No control inputs for the Picarro Water
INFO: 17:35:50 - __main__:  No control inputs for the Laser Distance Sensor
INFO: 17:35:50 - __main__:  No control inputs for the Abakus Particle Counter
INFO: 17:35:50 - __main__:  No control inputs for the Flowmeter
INFO: 17:36:04 - main_pipeline.sensor:  Initializing sensors
INFO: 17:36:04 - sensor_interfaces.sim_instruments:  Initializing Abakus
INFO: 17:36:05 - sensor_interfaces.sim_instruments:  Abakus initialized
INFO: 17:36:05 - sensor_interfaces.sim_instruments:  Initializing Picarro
INFO: 17:36:05 - sensor_interfaces.sim_instruments:  Initialized Picarro
INFO: 17:36:05 - sensor_interfaces.sim_instruments:  Initializing Picarro
INFO: 17:36:05 - sensor_interfaces.sim_instruments:  Initialized Picarro
INFO: 17:36:05 - sensor_interfaces.sim_instruments:  Initializing Dimetix laser
INFO: 17:36:05 - sensor_interfaces.sim_instruments:  Laser initialized
INFO: 17:36:05 - sensor_interfaces.sim_instruments:  Initializing Bronkhorst
INFO: 17:36:05 - sensor_interfaces.sim_instruments:  Bronkhorst initialized
INFO: 17:36:05 - sensor_interfaces.sim_instruments:  Initializing Melthead
INFO: 17:36:05 - sensor_interfaces.sim_instruments:  Melthead initialized
INFO: 17:36:05 - sensor_interfaces.sim_instruments:  Initializing Flowmeter
INFO: 17:36:05 - sensor_interfaces.sim_instruments:  Flowmeter sli2000 initialized
INFO: 17:36:05 - sensor_interfaces.sim_instruments:  Initializing Flowmeter
INFO: 17:36:05 - sensor_interfaces.sim_instruments:  Flowmeter sls1500 initialized
INFO: 17:36:05 - main_pipeline.sensor:  Finished initializing sensors
INFO: 17:36:11 - main_pipeline.sensor:  Shutting down sensors
INFO: 17:36:11 - sensor_interfaces.sim_instruments:  Abakus measurements stopped
INFO: 17:36:11 - sensor_interfaces.sim_instruments:  Dimetix laser turned off
INFO: 17:36:11 - main_pipeline.sensor:  Finished shutting down sensors
